Archive member included to satisfy reference by file (symbol)

c:/program files (x86)/atmel/studio/7.0/toolchain/arm/arm-gnu-toolchain/bin/../lib/gcc/arm-none-eabi/6.3.1/../../../../arm-none-eabi/lib/thumb/v7-m\libc.a(lib_a-exit.o)
                              c:/program files (x86)/atmel/studio/7.0/toolchain/arm/arm-gnu-toolchain/bin/../lib/gcc/arm-none-eabi/6.3.1/../../../../arm-none-eabi/lib/thumb/v7-m/crt0.o (exit)
c:/program files (x86)/atmel/studio/7.0/toolchain/arm/arm-gnu-toolchain/bin/../lib/gcc/arm-none-eabi/6.3.1/../../../../arm-none-eabi/lib/thumb/v7-m\libc.a(lib_a-impure.o)
                              c:/program files (x86)/atmel/studio/7.0/toolchain/arm/arm-gnu-toolchain/bin/../lib/gcc/arm-none-eabi/6.3.1/../../../../arm-none-eabi/lib/thumb/v7-m\libc.a(lib_a-exit.o) (_global_impure_ptr)
c:/program files (x86)/atmel/studio/7.0/toolchain/arm/arm-gnu-toolchain/bin/../lib/gcc/arm-none-eabi/6.3.1/../../../../arm-none-eabi/lib/thumb/v7-m\libc.a(lib_a-init.o)
                              c:/program files (x86)/atmel/studio/7.0/toolchain/arm/arm-gnu-toolchain/bin/../lib/gcc/arm-none-eabi/6.3.1/../../../../arm-none-eabi/lib/thumb/v7-m/crt0.o (__libc_init_array)
c:/program files (x86)/atmel/studio/7.0/toolchain/arm/arm-gnu-toolchain/bin/../lib/gcc/arm-none-eabi/6.3.1/../../../../arm-none-eabi/lib/thumb/v7-m\libc.a(lib_a-memset.o)
                              c:/program files (x86)/atmel/studio/7.0/toolchain/arm/arm-gnu-toolchain/bin/../lib/gcc/arm-none-eabi/6.3.1/../../../../arm-none-eabi/lib/thumb/v7-m/crt0.o (memset)
c:/program files (x86)/atmel/studio/7.0/toolchain/arm/arm-gnu-toolchain/bin/../lib/gcc/arm-none-eabi/6.3.1/../../../../arm-none-eabi/lib/thumb/v7-m\libc.a(lib_a-__call_atexit.o)
                              c:/program files (x86)/atmel/studio/7.0/toolchain/arm/arm-gnu-toolchain/bin/../lib/gcc/arm-none-eabi/6.3.1/../../../../arm-none-eabi/lib/thumb/v7-m\libc.a(lib_a-exit.o) (__call_exitprocs)
c:/program files (x86)/atmel/studio/7.0/toolchain/arm/arm-gnu-toolchain/bin/../lib/gcc/arm-none-eabi/6.3.1/../../../../arm-none-eabi/lib/thumb/v7-m\libc.a(lib_a-atexit.o)
                              c:/program files (x86)/atmel/studio/7.0/toolchain/arm/arm-gnu-toolchain/bin/../lib/gcc/arm-none-eabi/6.3.1/../../../../arm-none-eabi/lib/thumb/v7-m\libc.a(lib_a-__call_atexit.o) (atexit)
c:/program files (x86)/atmel/studio/7.0/toolchain/arm/arm-gnu-toolchain/bin/../lib/gcc/arm-none-eabi/6.3.1/../../../../arm-none-eabi/lib/thumb/v7-m\libc.a(lib_a-fini.o)
                              c:/program files (x86)/atmel/studio/7.0/toolchain/arm/arm-gnu-toolchain/bin/../lib/gcc/arm-none-eabi/6.3.1/../../../../arm-none-eabi/lib/thumb/v7-m\libc.a(lib_a-__call_atexit.o) (__libc_fini_array)
c:/program files (x86)/atmel/studio/7.0/toolchain/arm/arm-gnu-toolchain/bin/../lib/gcc/arm-none-eabi/6.3.1/../../../../arm-none-eabi/lib/thumb/v7-m\libc.a(lib_a-lock.o)
                              c:/program files (x86)/atmel/studio/7.0/toolchain/arm/arm-gnu-toolchain/bin/../lib/gcc/arm-none-eabi/6.3.1/../../../../arm-none-eabi/lib/thumb/v7-m\libc.a(lib_a-__call_atexit.o) (__retarget_lock_acquire_recursive)
c:/program files (x86)/atmel/studio/7.0/toolchain/arm/arm-gnu-toolchain/bin/../lib/gcc/arm-none-eabi/6.3.1/../../../../arm-none-eabi/lib/thumb/v7-m\libc.a(lib_a-__atexit.o)
                              c:/program files (x86)/atmel/studio/7.0/toolchain/arm/arm-gnu-toolchain/bin/../lib/gcc/arm-none-eabi/6.3.1/../../../../arm-none-eabi/lib/thumb/v7-m\libc.a(lib_a-atexit.o) (__register_exitproc)

Allocating common symbols
Common symbol       size              file

__lock___atexit_recursive_mutex
                    0x1               c:/program files (x86)/atmel/studio/7.0/toolchain/arm/arm-gnu-toolchain/bin/../lib/gcc/arm-none-eabi/6.3.1/../../../../arm-none-eabi/lib/thumb/v7-m\libc.a(lib_a-lock.o)
__lock___arc4random_mutex
                    0x1               c:/program files (x86)/atmel/studio/7.0/toolchain/arm/arm-gnu-toolchain/bin/../lib/gcc/arm-none-eabi/6.3.1/../../../../arm-none-eabi/lib/thumb/v7-m\libc.a(lib_a-lock.o)
__lock___env_recursive_mutex
                    0x1               c:/program files (x86)/atmel/studio/7.0/toolchain/arm/arm-gnu-toolchain/bin/../lib/gcc/arm-none-eabi/6.3.1/../../../../arm-none-eabi/lib/thumb/v7-m\libc.a(lib_a-lock.o)
__lock___sinit_recursive_mutex
                    0x1               c:/program files (x86)/atmel/studio/7.0/toolchain/arm/arm-gnu-toolchain/bin/../lib/gcc/arm-none-eabi/6.3.1/../../../../arm-none-eabi/lib/thumb/v7-m\libc.a(lib_a-lock.o)
__lock___malloc_recursive_mutex
                    0x1               c:/program files (x86)/atmel/studio/7.0/toolchain/arm/arm-gnu-toolchain/bin/../lib/gcc/arm-none-eabi/6.3.1/../../../../arm-none-eabi/lib/thumb/v7-m\libc.a(lib_a-lock.o)
__lock___at_quick_exit_mutex
[...]
Memory Configuration

Name             Origin             Length             Attributes
rom              0x00080000         0x00080000         xr
sram0            0x20000000         0x00010000         xrw
sram1            0x20080000         0x00008000         xrw
ram              0x20070000         0x00018000         xrw
*default*        0x00000000         0xffffffff

Linker script and memory map

LOAD c:/program files (x86)/atmel/studio/7.0/toolchain/arm/arm-gnu-toolchain/bin/../lib/gcc/arm-none-eabi/6.3.1/thumb/v7-m/crti.o
LOAD c:/program files (x86)/atmel/studio/7.0/toolchain/arm/arm-gnu-toolchain/bin/../lib/gcc/arm-none-eabi/6.3.1/thumb/v7-m/crtbegin.o
LOAD c:/program files (x86)/atmel/studio/7.0/toolchain/arm/arm-gnu-toolchain/bin/../lib/gcc/arm-none-eabi/6.3.1/../../../../arm-none-eabi/lib/thumb/v7-m/crt0.o
LOAD src/ASF/common/services/delay/sam/cycle_counter.o
LOAD src/ASF/common/services/clock/sam3x/sysclk.o
LOAD src/ASF/common/utils/interrupt/interrupt_sam_nvic.o
LOAD src/ASF/sam/boards/arduino_due_x/init.o
LOAD src/ASF/sam/drivers/pio/pio.o
LOAD src/ASF/sam/drivers/pio/pio_handler.o
LOAD src/ASF/sam/drivers/pmc/pmc.o
LOAD src/ASF/sam/drivers/pmc/sleep.o
LOAD src/ASF/sam/utils/cmsis/sam3x/source/templates/exceptions.o
LOAD src/ASF/sam/utils/cmsis/sam3x/source/templates/gcc/startup_sam3x.o
LOAD src/ASF/sam/utils/cmsis/sam3x/source/templates/system_sam3x.o
LOAD src/ASF/sam/utils/syscalls/gcc/syscalls.o
LOAD src/main.o
START GROUP
LOAD ../src/ASF/thirdparty/CMSIS/Lib/GCC\libarm_cortexM3l_math.a
LOAD c:/program files (x86)/atmel/studio/7.0/toolchain/arm/arm-gnu-toolchain/bin/../lib/gcc/arm-none-eabi/6.3.1/../../../../arm-none-eabi/lib/thumb/v7-m\libm.a
END GROUP
START GROUP
LOAD c:/program files (x86)/atmel/studio/7.0/toolchain/arm/arm-gnu-toolchain/bin/../lib/gcc/arm-none-eabi/6.3.1/thumb/v7-m\libgcc.a
LOAD c:/program files (x86)/atmel/studio/7.0/toolchain/arm/arm-gnu-toolchain/bin/../lib/gcc/arm-none-eabi/6.3.1/../../../../arm-none-eabi/lib/thumb/v7-m\libc.a
END GROUP
LOAD c:/program files (x86)/atmel/studio/7.0/toolchain/arm/arm-gnu-toolchain/bin/../lib/gcc/arm-none-eabi/6.3.1/thumb/v7-m/crtend.o
LOAD c:/program files (x86)/atmel/studio/7.0/toolchain/arm/arm-gnu-toolchain/bin/../lib/gcc/arm-none-eabi/6.3.1/thumb/v7-m/crtn.o
                0x00002000                __stack_size__ = DEFINED (__stack_size__)?__stack_size__:0x2000
                0x20087ffc                __ram_end__ = ((ORIGIN (ram) + LENGTH (ram)) - 0x4)

.text           0x00080000      0x9b4
                0x00080000                . = ALIGN (0x4)
                0x00080000                _sfixed = .
 *(.vectors .vectors.*)
 .vectors       0x00080000       0xf4 src/ASF/sam/utils/cmsis/sam3x/source/templates/gcc/startup_sam3x.o
                0x00080000                exception_table
 *(.text .text.* .gnu.linkonce.t.*)
 .text          0x000800f4       0x6c c:/program files (x86)/atmel/studio/7.0/toolchain/arm/arm-gnu-toolchain/bin/../lib/gcc/arm-none-eabi/6.3.1/thumb/v7-m/crtbegin.o
 .text.sysclk_init
                0x00080160       0x64 src/ASF/common/services/clock/sam3x/sysclk.o
                0x00080160                sysclk_init
 .text.board_init
                0x000801c4       0x80 src/ASF/sam/boards/arduino_due_x/init.o
                0x000801c4                board_init
 .text.pio_set_peripheral
                0x00080244       0x3e src/ASF/sam/drivers/pio/pio.o
                0x00080244                pio_set_peripheral
 .text.pio_set_input
                0x00080282       0x32 src/ASF/sam/drivers/pio/pio.o
                0x00080282                pio_set_input
 .text.pio_set_output
                0x000802b4       0x26 src/ASF/sam/drivers/pio/pio.o
                0x000802b4                pio_set_output
 .text.pio_get_interrupt_status
                0x000802da        0x4 src/ASF/sam/drivers/pio/pio.o
                0x000802da                pio_get_interrupt_status
 .text.pio_get_interrupt_mask
                0x000802de        0x4 src/ASF/sam/drivers/pio/pio.o
                0x000802de                pio_get_interrupt_mask
 *fill*         0x000802e2        0x2 
 .text.pio_configure_pin
                0x000802e4       0xd0 src/ASF/sam/drivers/pio/pio.o
                0x000802e4                pio_configure_pin
 .text.pio_configure_pin_group
                0x000803b4       0x9c src/ASF/sam/drivers/pio/pio.o
                0x000803b4                pio_configure_pin_group
 .text.pio_handler_process
                0x00080450       0x50 src/ASF/sam/drivers/pio/pio_handler.o
                0x00080450                pio_handler_process
 .text.PIOA_Handler
                0x000804a0       0x14 src/ASF/sam/drivers/pio/pio_handler.o
                0x000804a0                PIOA_Handler
 .text.PIOB_Handler
                0x000804b4       0x14 src/ASF/sam/drivers/pio/pio_handler.o
                0x000804b4                PIOB_Handler
 .text.PIOC_Handler
                0x000804c8       0x14 src/ASF/sam/drivers/pio/pio_handler.o
                0x000804c8                PIOC_Handler
 .text.PIOD_Handler
                0x000804dc       0x14 src/ASF/sam/drivers/pio/pio_handler.o
                0x000804dc                PIOD_Handler
 .text.pmc_switch_mck_to_pllack
                0x000804f0       0x64 src/ASF/sam/drivers/pmc/pmc.o
                0x000804f0                pmc_switch_mck_to_pllack
 .text.pmc_switch_mainck_to_xtal
                0x00080554       0x54 src/ASF/sam/drivers/pmc/pmc.o
                0x00080554                pmc_switch_mainck_to_xtal
 .text.pmc_osc_is_ready_mainck
                0x000805a8       0x10 src/ASF/sam/drivers/pmc/pmc.o
                0x000805a8                pmc_osc_is_ready_mainck
 .text.pmc_disable_pllack
                0x000805b8       0x10 src/ASF/sam/drivers/pmc/pmc.o
                0x000805b8                pmc_disable_pllack
 .text.pmc_is_locked_pllack
                0x000805c8       0x10 src/ASF/sam/drivers/pmc/pmc.o
                0x000805c8                pmc_is_locked_pllack
 .text.pmc_enable_periph_clk
                0x000805d8       0x54 src/ASF/sam/drivers/pmc/pmc.o
                0x000805d8                pmc_enable_periph_clk
 .text.Dummy_Handler
                0x0008062c        0x2 src/ASF/sam/utils/cmsis/sam3x/source/templates/exceptions.o
                0x0008062c                DACC_Handler
                0x0008062c                DebugMon_Handler
                0x0008062c                DMAC_Handler
                0x0008062c                TRNG_Handler
                0x0008062c                HardFault_Handler
                0x0008062c                TC2_Handler
                0x0008062c                SysTick_Handler
                0x0008062c                USART3_Handler
                0x0008062c                TWI1_Handler
                0x0008062c                PendSV_Handler
                0x0008062c                NMI_Handler
                0x0008062c                TC7_Handler
                0x0008062c                ADC_Handler
                0x0008062c                SMC_Handler
                0x0008062c                USART0_Handler
                0x0008062c                RTT_Handler
                0x0008062c                EFC1_Handler
                0x0008062c                RTC_Handler
                0x0008062c                UsageFault_Handler
                0x0008062c                TC6_Handler
                0x0008062c                WDT_Handler
                0x0008062c                CAN0_Handler
                0x0008062c                TC4_Handler
                0x0008062c                TC1_Handler
                0x0008062c                HSMCI_Handler
                0x0008062c                TC3_Handler
                0x0008062c                Dummy_Handler
                0x0008062c                TWI0_Handler
                0x0008062c                USART1_Handler
                0x0008062c                SSC_Handler
                0x0008062c                EFC0_Handler
                0x0008062c                PMC_Handler
                0x0008062c                PWM_Handler
                0x0008062c                CAN1_Handler
                0x0008062c                MemManage_Handler
                0x0008062c                SUPC_Handler
                0x0008062c                SVC_Handler
                0x0008062c                TC8_Handler
                0x0008062c                USART2_Handler
                0x0008062c                EMAC_Handler
                0x0008062c                UART_Handler
                0x0008062c                BusFault_Handler
                0x0008062c                RSTC_Handler
                0x0008062c                TC0_Handler
                0x0008062c                TC5_Handler
                0x0008062c                UOTGHS_Handler
                0x0008062c                SPI0_Handler
 *fill*         0x0008062e        0x2 
 .text.Reset_Handler
                0x00080630       0x98 src/ASF/sam/utils/cmsis/sam3x/source/templates/gcc/startup_sam3x.o
                0x00080630                Reset_Handler
 .text.SystemCoreClockUpdate
                0x000806c8      0x118 src/ASF/sam/utils/cmsis/sam3x/source/templates/system_sam3x.o
                0x000806c8                SystemCoreClockUpdate
 .text.main     0x000807e0       0x3c src/main.o
                0x000807e0                main
 .text.__libc_init_array
                0x0008081c       0x50 c:/program files (x86)/atmel/studio/7.0/toolchain/arm/arm-gnu-toolchain/bin/../lib/gcc/arm-none-eabi/6.3.1/../../../../arm-none-eabi/lib/thumb/v7-m\libc.a(lib_a-init.o)
                0x0008081c                __libc_init_array
 .text.startup.register_fini
                0x0008086c       0x14 c:/program files (x86)/atmel/studio/7.0/toolchain/arm/arm-gnu-toolchain/bin/../lib/gcc/arm-none-eabi/6.3.1/../../../../arm-none-eabi/lib/thumb/v7-m\libc.a(lib_a-__call_atexit.o)
 .text.atexit   0x00080880        0xc c:/program files (x86)/atmel/studio/7.0/toolchain/arm/arm-gnu-toolchain/bin/../lib/gcc/arm-none-eabi/6.3.1/../../../../arm-none-eabi/lib/thumb/v7-m\libc.a(lib_a-atexit.o)
                0x00080880                atexit
 .text.__libc_fini_array
                0x0008088c       0x34 c:/program files (x86)/atmel/studio/7.0/toolchain/arm/arm-gnu-toolchain/bin/../lib/gcc/arm-none-eabi/6.3.1/../../../../arm-none-eabi/lib/thumb/v7-m\libc.a(lib_a-fini.o)
                0x0008088c                __libc_fini_array
 .text.__retarget_lock_acquire_recursive
                0x000808c0        0x4 c:/program files (x86)/atmel/studio/7.0/toolchain/arm/arm-gnu-toolchain/bin/../lib/gcc/arm-none-eabi/6.3.1/../../../../arm-none-eabi/lib/thumb/v7-m\libc.a(lib_a-lock.o)
                0x000808c0                __retarget_lock_acquire_recursive
 .text.__retarget_lock_release_recursive
                0x000808c4        0x4 c:/program files (x86)/atmel/studio/7.0/toolchain/arm/arm-gnu-toolchain/bin/../lib/gcc/arm-none-eabi/6.3.1/../../../../arm-none-eabi/lib/thumb/v7-m\libc.a(lib_a-lock.o)
                0x000808c4                __retarget_lock_release_recursive
 .text.__register_exitproc
                0x000808c8       0xc4 c:/program files (x86)/atmel/studio/7.0/toolchain/arm/arm-gnu-toolchain/bin/../lib/gcc/arm-none-eabi/6.3.1/../../../../arm-none-eabi/lib/thumb/v7-m\libc.a(lib_a-__atexit.o)
                0x000808c8                __register_exitproc
 *(.glue_7t)
 .glue_7t       0x0008098c        0x0 linker stubs
 *(.glue_7)
 .glue_7        0x0008098c        0x0 linker stubs
 *(.rodata .rodata* .gnu.linkonce.r.*)
 .rodata._global_impure_ptr
                0x0008098c        0x4 c:/program files (x86)/atmel/studio/7.0/toolchain/arm/arm-gnu-toolchain/bin/../lib/gcc/arm-none-eabi/6.3.1/../../../../arm-none-eabi/lib/thumb/v7-m\libc.a(lib_a-impure.o)
                0x0008098c                _global_impure_ptr
 *(.ARM.extab* .gnu.linkonce.armextab.*)
                0x00080990                . = ALIGN (0x4)
 *(.init)
 .init          0x00080990        0x4 c:/program files (x86)/atmel/studio/7.0/toolchain/arm/arm-gnu-toolchain/bin/../lib/gcc/arm-none-eabi/6.3.1/thumb/v7-m/crti.o
                0x00080990                _init
 .init          0x00080994        0x8 c:/program files (x86)/atmel/studio/7.0/toolchain/arm/arm-gnu-toolchain/bin/../lib/gcc/arm-none-eabi/6.3.1/thumb/v7-m/crtn.o
                0x0008099c                . = ALIGN (0x4)
                0x0008099c                __preinit_array_start = .
 *(.preinit_array)
                0x0008099c                __preinit_array_end = .
                0x0008099c                . = ALIGN (0x4)
                0x0008099c                __init_array_start = .
 *(SORT(.init_array.*))
 .init_array.00000
                0x0008099c        0x4 c:/program files (x86)/atmel/studio/7.0/toolchain/arm/arm-gnu-toolchain/bin/../lib/gcc/arm-none-eabi/6.3.1/../../../../arm-none-eabi/lib/thumb/v7-m\libc.a(lib_a-__call_atexit.o)
 *(.init_array)
 .init_array    0x000809a0        0x4 c:/program files (x86)/atmel/studio/7.0/toolchain/arm/arm-gnu-toolchain/bin/../lib/gcc/arm-none-eabi/6.3.1/thumb/v7-m/crtbegin.o
                0x000809a4                __init_array_end = .
                0x000809a4                . = ALIGN (0x4)
 *crtbegin.o(.ctors)
 *(EXCLUDE_FILE(*crtend.o) .ctors)
 *(SORT(.ctors.*))
 *crtend.o(.ctors)
                0x000809a4                . = ALIGN (0x4)
 *(.fini)
 .fini          0x000809a4        0x4 c:/program files (x86)/atmel/studio/7.0/toolchain/arm/arm-gnu-toolchain/bin/../lib/gcc/arm-none-eabi/6.3.1/thumb/v7-m/crti.o
                0x000809a4                _fini
 .fini          0x000809a8        0x8 c:/program files (x86)/atmel/studio/7.0/toolchain/arm/arm-gnu-toolchain/bin/../lib/gcc/arm-none-eabi/6.3.1/thumb/v7-m/crtn.o
                0x000809b0                . = ALIGN (0x4)
                0x000809b0                __fini_array_start = .
 *(.fini_array)
 .fini_array    0x000809b0        0x4 c:/program files (x86)/atmel/studio/7.0/toolchain/arm/arm-gnu-toolchain/bin/../lib/gcc/arm-none-eabi/6.3.1/thumb/v7-m/crtbegin.o
 *(SORT(.fini_array.*))
                0x000809b4                __fini_array_end = .
 *crtbegin.o(.dtors)
 *(EXCLUDE_FILE(*crtend.o) .dtors)
 *(SORT(.dtors.*))
 *crtend.o(.dtors)
                0x000809b4                . = ALIGN (0x4)
                0x000809b4                _efixed = .
                [!provide]                PROVIDE (__exidx_start, .)

.vfp11_veneer   0x000809b4        0x0
 .vfp11_veneer  0x000809b4        0x0 linker stubs

.v4_bx          0x000809b4        0x0
 .v4_bx         0x000809b4        0x0 linker stubs

.iplt           0x000809b4        0x0
 .iplt          0x000809b4        0x0 c:/program files (x86)/atmel/studio/7.0/toolchain/arm/arm-gnu-toolchain/bin/../lib/gcc/arm-none-eabi/6.3.1/thumb/v7-m/crtbegin.o

.eh_frame       0x000809b4        0x0
 .eh_frame      0x000809b4        0x0 c:/program files (x86)/atmel/studio/7.0/toolchain/arm/arm-gnu-toolchain/bin/../lib/gcc/arm-none-eabi/6.3.1/thumb/v7-m/crtbegin.o

.rel.dyn        0x000809b4        0x0
 .rel.iplt      0x000809b4        0x0 c:/program files (x86)/atmel/studio/7.0/toolchain/arm/arm-gnu-toolchain/bin/../lib/gcc/arm-none-eabi/6.3.1/thumb/v7-m/crtbegin.o

.jcr            0x000809b4        0x0
 .jcr           0x000809b4        0x0 c:/program files (x86)/atmel/studio/7.0/toolchain/arm/arm-gnu-toolchain/bin/../lib/gcc/arm-none-eabi/6.3.1/thumb/v7-m/crtbegin.o

.igot.plt       0x000809b4        0x0
 .igot.plt      0x000809b4        0x0 c:/program files (x86)/atmel/studio/7.0/toolchain/arm/arm-gnu-toolchain/bin/../lib/gcc/arm-none-eabi/6.3.1/thumb/v7-m/crtbegin.o

.ARM.exidx
 *(.ARM.exidx* .gnu.linkonce.armexidx.*)
                [!provide]                PROVIDE (__exidx_end, .)
                0x000809b4                . = ALIGN (0x4)
                0x000809b4                _etext = .

.relocate       0x20070000      0x56c load address 0x000809b4
                0x20070000                . = ALIGN (0x4)
                0x20070000                _srelocate = .
 *(.ramfunc .ramfunc.*)
 .ramfunc       0x20070000        0xa src/ASF/common/services/delay/sam/cycle_counter.o
                0x20070000                portable_delay_cycles
 *fill*         0x2007000a        0x2 
 .ramfunc       0x2007000c      0x12c src/ASF/sam/utils/cmsis/sam3x/source/templates/system_sam3x.o
                0x2007000c                SystemInit
                0x200700b0                system_init_flash
 *(.data .data.*)
 .data.SystemCoreClock
                0x20070138        0x4 src/ASF/sam/utils/cmsis/sam3x/source/templates/system_sam3x.o
                0x20070138                SystemCoreClock
 *fill*         0x2007013c        0x4 
 .data.impure_data
                0x20070140      0x428 c:/program files (x86)/atmel/studio/7.0/toolchain/arm/arm-gnu-toolchain/bin/../lib/gcc/arm-none-eabi/6.3.1/../../../../arm-none-eabi/lib/thumb/v7-m\libc.a(lib_a-impure.o)
 .data.__atexit_recursive_mutex
                0x20070568        0x4 c:/program files (x86)/atmel/studio/7.0/toolchain/arm/arm-gnu-toolchain/bin/../lib/gcc/arm-none-eabi/6.3.1/../../../../arm-none-eabi/lib/thumb/v7-m\libc.a(lib_a-__call_atexit.o)
                0x20070568                __atexit_recursive_mutex
                0x2007056c                . = ALIGN (0x4)
                0x2007056c                _erelocate = .

.bss            0x2007056c       0xb0 load address 0x00080f20
                0x2007056c                . = ALIGN (0x4)
                0x2007056c                _sbss = .
                0x2007056c                _szero = .
 *(.bss .bss.*)
 .bss           0x2007056c       0x1c c:/program files (x86)/atmel/studio/7.0/toolchain/arm/arm-gnu-toolchain/bin/../lib/gcc/arm-none-eabi/6.3.1/thumb/v7-m/crtbegin.o
 .bss.gs_interrupt_sources
                0x20070588       0x70 src/ASF/sam/drivers/pio/pio_handler.o
 *(COMMON)
 COMMON         0x200705f8       0x21 c:/program files (x86)/atmel/studio/7.0/toolchain/arm/arm-gnu-toolchain/bin/../lib/gcc/arm-none-eabi/6.3.1/../../../../arm-none-eabi/lib/thumb/v7-m\libc.a(lib_a-lock.o)
                0x200705f8                __lock___atexit_recursive_mutex
                0x200705fc                __lock___arc4random_mutex
                0x20070600                __lock___env_recursive_mutex
                0x20070604                __lock___sinit_recursive_mutex
                0x20070608                __lock___malloc_recursive_mutex
                0x2007060c                __lock___at_quick_exit_mutex
                0x20070610                __lock___dd_hash_mutex
                0x20070614                __lock___tz_mutex
                0x20070618                __lock___sfp_recursive_mutex
                0x2007061c                . = ALIGN (0x4)
 *fill*         0x20070619        0x3 
                0x2007061c                _ebss = .
                0x2007061c                _ezero = .

.stack          0x2007061c     0x2004 load address 0x00080fd0
                0x20070620                . = ALIGN (0x8)
 *fill*         0x2007061c        0x4 
                0x20070620                _sstack = .
                0x20072620                . = (. + __stack_size__)
 *fill*         0x20070620     0x2000 
                0x20072620                . = ALIGN (0x8)
                0x20072620                _estack = .
                0x20072620                . = ALIGN (0x4)
                0x20072620                _end = .
OUTPUT(01_Led.elf elf32-littlearm)

.ARM.attributes
                0x00000000       0x29
 .ARM.attributes
                0x00000000       0x1d c:/program files (x86)/atmel/studio/7.0/toolchain/arm/arm-gnu-toolchain/bin/../lib/gcc/arm-none-eabi/6.3.1/thumb/v7-m/crti.o
 .ARM.attributes
                0x0000001d       0x2d c:/program files (x86)/atmel/studio/7.0/toolchain/arm/arm-gnu-toolchain/bin/../lib/gcc/arm-none-eabi/6.3.1/thumb/v7-m/crtbegin.o
 .ARM.attributes
                0x0000004a       0x33 src/ASF/common/services/delay/sam/cycle_counter.o
 .ARM.attributes
                0x0000007d       0x33 src/ASF/common/services/clock/sam3x/sysclk.o
 .ARM.attributes
                0x000000b0       0x33 src/ASF/sam/boards/arduino_due_x/init.o
 .ARM.attributes
                0x000000e3       0x33 src/ASF/sam/drivers/pio/pio.o
 .ARM.attributes
                0x00000116       0x33 src/ASF/sam/drivers/pio/pio_handler.o
 .ARM.attributes
                0x00000149       0x33 src/ASF/sam/drivers/pmc/pmc.o
 .ARM.attributes
                0x0000017c       0x33 src/ASF/sam/utils/cmsis/sam3x/source/templates/exceptions.o
 .ARM.attributes
                0x000001af       0x33 src/ASF/sam/utils/cmsis/sam3x/source/templates/gcc/startup_sam3x.o
 .ARM.attributes
                0x000001e2       0x33 src/ASF/sam/utils/cmsis/sam3x/source/templates/system_sam3x.o
 .ARM.attributes
                0x00000215       0x33 src/main.o
 .ARM.attributes
                0x00000248       0x2d c:/program files (x86)/atmel/studio/7.0/toolchain/arm/arm-gnu-toolchain/bin/../lib/gcc/arm-none-eabi/6.3.1/../../../../arm-none-eabi/lib/thumb/v7-m\libc.a(lib_a-impure.o)
 .ARM.attributes
                0x00000275       0x2d c:/program files (x86)/atmel/studio/7.0/toolchain/arm/arm-gnu-toolchain/bin/../lib/gcc/arm-none-eabi/6.3.1/../../../../arm-none-eabi/lib/thumb/v7-m\libc.a(lib_a-init.o)
 .ARM.attributes
                0x000002a2       0x2d c:/program files (x86)/atmel/studio/7.0/toolchain/arm/arm-gnu-toolchain/bin/../lib/gcc/arm-none-eabi/6.3.1/../../../../arm-none-eabi/lib/thumb/v7-m\libc.a(lib_a-__call_atexit.o)
 .ARM.attributes
                0x000002cf       0x2d c:/program files (x86)/atmel/studio/7.0/toolchain/arm/arm-gnu-toolchain/bin/../lib/gcc/arm-none-eabi/6.3.1/../../../../arm-none-eabi/lib/thumb/v7-m\libc.a(lib_a-atexit.o)
 .ARM.attributes
                0x000002fc       0x2d c:/program files (x86)/atmel/studio/7.0/toolchain/arm/arm-gnu-toolchain/bin/../lib/gcc/arm-none-eabi/6.3.1/../../../../arm-none-eabi/lib/thumb/v7-m\libc.a(lib_a-fini.o)
 .ARM.attributes
                0x00000329       0x2d c:/program files (x86)/atmel/studio/7.0/toolchain/arm/arm-gnu-toolchain/bin/../lib/gcc/arm-none-eabi/6.3.1/../../../../arm-none-eabi/lib/thumb/v7-m\libc.a(lib_a-lock.o)
 .ARM.attributes
                0x00000356       0x2d c:/program files (x86)/atmel/studio/7.0/toolchain/arm/arm-gnu-toolchain/bin/../lib/gcc/arm-none-eabi/6.3.1/../../../../arm-none-eabi/lib/thumb/v7-m\libc.a(lib_a-__atexit.o)
 .ARM.attributes
                0x00000383       0x1d c:/program files (x86)/atmel/studio/7.0/toolchain/arm/arm-gnu-toolchain/bin/../lib/gcc/arm-none-eabi/6.3.1/thumb/v7-m/crtn.o

.comment        0x00000000       0x59
 .comment       0x00000000       0x59 src/ASF/common/services/delay/sam/cycle_counter.o
                                 0x5a (size before relaxing)
 .comment       0x00000059       0x5a src/ASF/common/services/clock/sam3x/sysclk.o
 .comment       0x00000059       0x5a src/ASF/sam/boards/arduino_due_x/init.o
 .comment       0x00000059       0x5a src/ASF/sam/drivers/pio/pio.o
 .comment       0x00000059       0x5a src/ASF/sam/drivers/pio/pio_handler.o
 .comment       0x00000059       0x5a src/ASF/sam/drivers/pmc/pmc.o
 .comment       0x00000059       0x5a src/ASF/sam/utils/cmsis/sam3x/source/templates/exceptions.o
 .comment       0x00000059       0x5a src/ASF/sam/utils/cmsis/sam3x/source/templates/gcc/startup_sam3x.o
 .comment       0x00000059       0x5a src/ASF/sam/utils/cmsis/sam3x/source/templates/system_sam3x.o
 .comment       0x00000059       0x5a src/main.o

.debug_info     0x00000000     0xafa8
 .debug_info    0x00000000      0xa45 src/ASF/common/services/delay/sam/cycle_counter.o
 .debug_info    0x00000a45     0x11ad src/ASF/common/services/clock/sam3x/sysclk.o
 .debug_info    0x00001bf2     0x108a src/ASF/sam/boards/arduino_due_x/init.o
 .debug_info    0x00002c7c     0x1c61 src/ASF/sam/drivers/pio/pio.o
 .debug_info    0x000048dd     0x17be src/ASF/sam/drivers/pio/pio_handler.o
 .debug_info    0x0000609b     0x19df src/ASF/sam/drivers/pmc/pmc.o
 .debug_info    0x00007a7a      0xa39 src/ASF/sam/utils/cmsis/sam3x/source/templates/exceptions.o
 .debug_info    0x000084b3      0xd1b src/ASF/sam/utils/cmsis/sam3x/source/templates/gcc/startup_sam3x.o
 .debug_info    0x000091ce      0xdc2 src/ASF/sam/utils/cmsis/sam3x/source/templates/system_sam3x.o
 .debug_info    0x00009f90     0x1018 src/main.o

.debug_abbrev   0x00000000     0x198b
 .debug_abbrev  0x00000000      0x1b3 src/ASF/common/services/delay/sam/cycle_counter.o
 .debug_abbrev  0x000001b3      0x330 src/ASF/common/services/clock/sam3x/sysclk.o
 .debug_abbrev  0x000004e3      0x262 src/ASF/sam/boards/arduino_due_x/init.o
 .debug_abbrev  0x00000745      0x3c7 src/ASF/sam/drivers/pio/pio.o
 .debug_abbrev  0x00000b0c      0x329 src/ASF/sam/drivers/pio/pio_handler.o
 .debug_abbrev  0x00000e35      0x306 src/ASF/sam/drivers/pmc/pmc.o
 .debug_abbrev  0x0000113b      0x1a4 src/ASF/sam/utils/cmsis/sam3x/source/templates/exceptions.o
 .debug_abbrev  0x000012df      0x1f2 src/ASF/sam/utils/cmsis/sam3x/source/templates/gcc/startup_sam3x.o
 .debug_abbrev  0x000014d1      0x1f4 src/ASF/sam/utils/cmsis/sam3x/source/templates/system_sam3x.o
 .debug_abbrev  0x000016c5      0x2c6 src/main.o

.debug_aranges  0x00000000      0x4b0
 .debug_aranges
                0x00000000       0x20 src/ASF/common/services/delay/sam/cycle_counter.o
 .debug_aranges
                0x00000020       0x40 src/ASF/common/services/clock/sam3x/sysclk.o
 .debug_aranges
                0x00000060       0x20 src/ASF/sam/boards/arduino_due_x/init.o
 .debug_aranges
                0x00000080      0x148 src/ASF/sam/drivers/pio/pio.o
 .debug_aranges
                0x000001c8       0x58 src/ASF/sam/drivers/pio/pio_handler.o
 .debug_aranges
                0x00000220      0x200 src/ASF/sam/drivers/pmc/pmc.o
 .debug_aranges
                0x00000420       0x20 src/ASF/sam/utils/cmsis/sam3x/source/templates/exceptions.o
 .debug_aranges
                0x00000440       0x20 src/ASF/sam/utils/cmsis/sam3x/source/templates/gcc/startup_sam3x.o
 .debug_aranges
                0x00000460       0x30 src/ASF/sam/utils/cmsis/sam3x/source/templates/system_sam3x.o
 .debug_aranges
                0x00000490       0x20 src/main.o

.debug_ranges   0x00000000      0x458
 .debug_ranges  0x00000000       0x10 src/ASF/common/services/delay/sam/cycle_counter.o
 .debug_ranges  0x00000010       0x30 src/ASF/common/services/clock/sam3x/sysclk.o
 .debug_ranges  0x00000040       0x10 src/ASF/sam/boards/arduino_due_x/init.o
 .debug_ranges  0x00000050      0x150 src/ASF/sam/drivers/pio/pio.o
 .debug_ranges  0x000001a0       0x60 src/ASF/sam/drivers/pio/pio_handler.o
 .debug_ranges  0x00000200      0x1f0 src/ASF/sam/drivers/pmc/pmc.o
 .debug_ranges  0x000003f0       0x10 src/ASF/sam/utils/cmsis/sam3x/source/templates/exceptions.o
 .debug_ranges  0x00000400       0x10 src/ASF/sam/utils/cmsis/sam3x/source/templates/gcc/startup_sam3x.o
 .debug_ranges  0x00000410       0x20 src/ASF/sam/utils/cmsis/sam3x/source/templates/system_sam3x.o
 .debug_ranges  0x00000430       0x28 src/main.o

.debug_macro    0x00000000    0x16017
 .debug_macro   0x00000000      0x55f src/ASF/common/services/delay/sam/cycle_counter.o
 .debug_macro   0x0000055f      0x8ce src/ASF/common/services/delay/sam/cycle_counter.o
 .debug_macro   0x00000e2d      0x16d src/ASF/common/services/delay/sam/cycle_counter.o
 .debug_macro   0x00000f9a      0x64b src/ASF/common/services/delay/sam/cycle_counter.o
 .debug_macro   0x000015e5       0x76 src/ASF/common/services/delay/sam/cycle_counter.o
 .debug_macro   0x0000165b       0x16 src/ASF/common/services/delay/sam/cycle_counter.o
 .debug_macro   0x00001671      0x6e4 src/ASF/common/services/delay/sam/cycle_counter.o
 .debug_macro   0x00001d55       0x22 src/ASF/common/services/delay/sam/cycle_counter.o
 .debug_macro   0x00001d77       0x87 src/ASF/common/services/delay/sam/cycle_counter.o
 .debug_macro   0x00001dfe       0x51 src/ASF/common/services/delay/sam/cycle_counter.o
 .debug_macro   0x00001e4f       0xef src/ASF/common/services/delay/sam/cycle_counter.o
 .debug_macro   0x00001f3e       0x6a src/ASF/common/services/delay/sam/cycle_counter.o
 .debug_macro   0x00001fa8      0x1df src/ASF/common/services/delay/sam/cycle_counter.o
 .debug_macro   0x00002187       0x20 src/ASF/common/services/delay/sam/cycle_counter.o
 .debug_macro   0x000021a7       0x3a src/ASF/common/services/delay/sam/cycle_counter.o
 .debug_macro   0x000021e1       0x2d src/ASF/common/services/delay/sam/cycle_counter.o
 .debug_macro   0x0000220e      0xbb1 src/ASF/common/services/delay/sam/cycle_counter.o
 .debug_macro   0x00002dbf      0xab6 src/ASF/common/services/delay/sam/cycle_counter.o
 .debug_macro   0x00003875      0x569 src/ASF/common/services/delay/sam/cycle_counter.o
 .debug_macro   0x00003dde      0x2b5 src/ASF/common/services/delay/sam/cycle_counter.o
 .debug_macro   0x00004093      0x31a src/ASF/common/services/delay/sam/cycle_counter.o
 .debug_macro   0x000043ad      0x74f src/ASF/common/services/delay/sam/cycle_counter.o
 .debug_macro   0x00004afc       0x82 src/ASF/common/services/delay/sam/cycle_counter.o
 .debug_macro   0x00004b7e      0x57b src/ASF/common/services/delay/sam/cycle_counter.o
 .debug_macro   0x000050f9       0x1c src/ASF/common/services/delay/sam/cycle_counter.o
 .debug_macro   0x00005115      0x6b7 src/ASF/common/services/delay/sam/cycle_counter.o
 .debug_macro   0x000057cc      0x52d src/ASF/common/services/delay/sam/cycle_counter.o
 .debug_macro   0x00005cf9       0xbe src/ASF/common/services/delay/sam/cycle_counter.o
 .debug_macro   0x00005db7     0x2342 src/ASF/common/services/delay/sam/cycle_counter.o
 .debug_macro   0x000080f9      0x85d src/ASF/common/services/delay/sam/cycle_counter.o
 .debug_macro   0x00008956      0xdc9 src/ASF/common/services/delay/sam/cycle_counter.o
 .debug_macro   0x0000971f       0x7c src/ASF/common/services/delay/sam/cycle_counter.o
 .debug_macro   0x0000979b      0x263 src/ASF/common/services/delay/sam/cycle_counter.o
 .debug_macro   0x000099fe       0x58 src/ASF/common/services/delay/sam/cycle_counter.o
 .debug_macro   0x00009a56      0x9a7 src/ASF/common/services/delay/sam/cycle_counter.o
 .debug_macro   0x0000a3fd      0x248 src/ASF/common/services/delay/sam/cycle_counter.o
 .debug_macro   0x0000a645      0x4df src/ASF/common/services/delay/sam/cycle_counter.o
 .debug_macro   0x0000ab24      0x6b3 src/ASF/common/services/delay/sam/cycle_counter.o
 .debug_macro   0x0000b1d7      0x59f src/ASF/common/services/delay/sam/cycle_counter.o
 .debug_macro   0x0000b776       0x46 src/ASF/common/services/delay/sam/cycle_counter.o
 .debug_macro   0x0000b7bc      0x34d src/ASF/common/services/delay/sam/cycle_counter.o
 .debug_macro   0x0000bb09      0x28c src/ASF/common/services/delay/sam/cycle_counter.o
 .debug_macro   0x0000bd95     0x14d7 src/ASF/common/services/delay/sam/cycle_counter.o
 .debug_macro   0x0000d26c      0x7ba src/ASF/common/services/delay/sam/cycle_counter.o
 .debug_macro   0x0000da26       0x76 src/ASF/common/services/delay/sam/cycle_counter.o
 .debug_macro   0x0000da9c       0x82 src/ASF/common/services/delay/sam/cycle_counter.o
 .debug_macro   0x0000db1e       0x76 src/ASF/common/services/delay/sam/cycle_counter.o
 .debug_macro   0x0000db94       0x4c src/ASF/common/services/delay/sam/cycle_counter.o
 .debug_macro   0x0000dbe0      0x105 src/ASF/common/services/delay/sam/cycle_counter.o
 .debug_macro   0x0000dce5      0x105 src/ASF/common/services/delay/sam/cycle_counter.o
 .debug_macro   0x0000ddea      0x105 src/ASF/common/services/delay/sam/cycle_counter.o
 .debug_macro   0x0000deef       0x88 src/ASF/common/services/delay/sam/cycle_counter.o
 .debug_macro   0x0000df77       0x88 src/ASF/common/services/delay/sam/cycle_counter.o
 .debug_macro   0x0000dfff      0x3b4 src/ASF/common/services/delay/sam/cycle_counter.o
 .debug_macro   0x0000e3b3       0xb8 src/ASF/common/services/delay/sam/cycle_counter.o
 .debug_macro   0x0000e46b       0xb8 src/ASF/common/services/delay/sam/cycle_counter.o
 .debug_macro   0x0000e523       0xb8 src/ASF/common/services/delay/sam/cycle_counter.o
 .debug_macro   0x0000e5db       0xb8 src/ASF/common/services/delay/sam/cycle_counter.o
 .debug_macro   0x0000e693      0x2b8 src/ASF/common/services/delay/sam/cycle_counter.o
 .debug_macro   0x0000e94b      0x125 src/ASF/common/services/delay/sam/cycle_counter.o
 .debug_macro   0x0000ea70      0x225 src/ASF/common/services/delay/sam/cycle_counter.o
 .debug_macro   0x0000ec95      0x225 src/ASF/common/services/delay/sam/cycle_counter.o
 .debug_macro   0x0000eeba       0x2e src/ASF/common/services/delay/sam/cycle_counter.o
 .debug_macro   0x0000eee8       0xac src/ASF/common/services/delay/sam/cycle_counter.o
 .debug_macro   0x0000ef94      0x14d src/ASF/common/services/delay/sam/cycle_counter.o
 .debug_macro   0x0000f0e1       0x7c src/ASF/common/services/delay/sam/cycle_counter.o
 .debug_macro   0x0000f15d      0x205 src/ASF/common/services/delay/sam/cycle_counter.o
 .debug_macro   0x0000f362       0x64 src/ASF/common/services/delay/sam/cycle_counter.o
 .debug_macro   0x0000f3c6       0xa6 src/ASF/common/services/delay/sam/cycle_counter.o
 .debug_macro   0x0000f46c       0x7c src/ASF/common/services/delay/sam/cycle_counter.o
 .debug_macro   0x0000f4e8       0x16 src/ASF/common/services/delay/sam/cycle_counter.o
 .debug_macro   0x0000f4fe       0x22 src/ASF/common/services/delay/sam/cycle_counter.o
 .debug_macro   0x0000f520       0x22 src/ASF/common/services/delay/sam/cycle_counter.o
 .debug_macro   0x0000f542      0x115 src/ASF/common/services/delay/sam/cycle_counter.o
 .debug_macro   0x0000f657      0x115 src/ASF/common/services/delay/sam/cycle_counter.o
 .debug_macro   0x0000f76c      0x115 src/ASF/common/services/delay/sam/cycle_counter.o
 .debug_macro   0x0000f881      0x115 src/ASF/common/services/delay/sam/cycle_counter.o
 .debug_macro   0x0000f996       0x1c src/ASF/common/services/delay/sam/cycle_counter.o
 .debug_macro   0x0000f9b2       0x2e src/ASF/common/services/delay/sam/cycle_counter.o
 .debug_macro   0x0000f9e0       0x22 src/ASF/common/services/delay/sam/cycle_counter.o
 .debug_macro   0x0000fa02       0x1c src/ASF/common/services/delay/sam/cycle_counter.o
 .debug_macro   0x0000fa1e       0x58 src/ASF/common/services/delay/sam/cycle_counter.o
 .debug_macro   0x0000fa76       0x10 src/ASF/common/services/delay/sam/cycle_counter.o
 .debug_macro   0x0000fa86      0x273 src/ASF/common/services/delay/sam/cycle_counter.o
 .debug_macro   0x0000fcf9      0xd43 src/ASF/common/services/delay/sam/cycle_counter.o
 .debug_macro   0x00010a3c      0x131 src/ASF/common/services/delay/sam/cycle_counter.o
 .debug_macro   0x00010b6d       0x58 src/ASF/common/services/delay/sam/cycle_counter.o
 .debug_macro   0x00010bc5       0x35 src/ASF/common/services/delay/sam/cycle_counter.o
 .debug_macro   0x00010bfa       0x9c src/ASF/common/services/delay/sam/cycle_counter.o
 .debug_macro   0x00010c96       0x16 src/ASF/common/services/delay/sam/cycle_counter.o
 .debug_macro   0x00010cac       0x35 src/ASF/common/services/delay/sam/cycle_counter.o
 .debug_macro   0x00010ce1      0x353 src/ASF/common/services/delay/sam/cycle_counter.o
 .debug_macro   0x00011034       0x10 src/ASF/common/services/delay/sam/cycle_counter.o
 .debug_macro   0x00011044       0x58 src/ASF/common/services/delay/sam/cycle_counter.o
 .debug_macro   0x0001109c       0x1f src/ASF/common/services/delay/sam/cycle_counter.o
 .debug_macro   0x000110bb       0x43 src/ASF/common/services/delay/sam/cycle_counter.o
 .debug_macro   0x000110fe       0x20 src/ASF/common/services/delay/sam/cycle_counter.o
 .debug_macro   0x0001111e      0x187 src/ASF/common/services/delay/sam/cycle_counter.o
 .debug_macro   0x000112a5       0x10 src/ASF/common/services/delay/sam/cycle_counter.o
 .debug_macro   0x000112b5       0x1c src/ASF/common/services/delay/sam/cycle_counter.o
 .debug_macro   0x000112d1       0x52 src/ASF/common/services/delay/sam/cycle_counter.o
 .debug_macro   0x00011323       0x40 src/ASF/common/services/delay/sam/cycle_counter.o
 .debug_macro   0x00011363       0x10 src/ASF/common/services/delay/sam/cycle_counter.o
 .debug_macro   0x00011373       0x40 src/ASF/common/services/delay/sam/cycle_counter.o
 .debug_macro   0x000113b3       0xd7 src/ASF/common/services/delay/sam/cycle_counter.o
 .debug_macro   0x0001148a       0x16 src/ASF/common/services/delay/sam/cycle_counter.o
 .debug_macro   0x000114a0      0x18b src/ASF/common/services/delay/sam/cycle_counter.o
 .debug_macro   0x0001162b       0x22 src/ASF/common/services/delay/sam/cycle_counter.o
 .debug_macro   0x0001164d       0x16 src/ASF/common/services/delay/sam/cycle_counter.o
 .debug_macro   0x00011663       0x16 src/ASF/common/services/delay/sam/cycle_counter.o
 .debug_macro   0x00011679       0x29 src/ASF/common/services/delay/sam/cycle_counter.o
 .debug_macro   0x000116a2       0x75 src/ASF/common/services/delay/sam/cycle_counter.o
 .debug_macro   0x00011717       0x45 src/ASF/common/services/delay/sam/cycle_counter.o
 .debug_macro   0x0001175c      0x3ca src/ASF/common/services/delay/sam/cycle_counter.o
 .debug_macro   0x00011b26       0x22 src/ASF/common/services/delay/sam/cycle_counter.o
 .debug_macro   0x00011b48      0x5d1 src/ASF/common/services/clock/sam3x/sysclk.o
 .debug_macro   0x00012119       0x34 src/ASF/common/services/clock/sam3x/sysclk.o
 .debug_macro   0x0001214d      0x2c0 src/ASF/common/services/clock/sam3x/sysclk.o
 .debug_macro   0x0001240d      0x790 src/ASF/common/services/clock/sam3x/sysclk.o
 .debug_macro   0x00012b9d       0x5e src/ASF/common/services/clock/sam3x/sysclk.o
 .debug_macro   0x00012bfb       0x64 src/ASF/common/services/clock/sam3x/sysclk.o
 .debug_macro   0x00012c5f       0x5f src/ASF/common/services/clock/sam3x/sysclk.o
 .debug_macro   0x00012cbe       0x90 src/ASF/common/services/clock/sam3x/sysclk.o
 .debug_macro   0x00012d4e      0x616 src/ASF/sam/boards/arduino_due_x/init.o
 .debug_macro   0x00013364      0x2c6 src/ASF/sam/boards/arduino_due_x/init.o
 .debug_macro   0x0001362a       0x16 src/ASF/sam/boards/arduino_due_x/init.o
 .debug_macro   0x00013640       0x94 src/ASF/sam/boards/arduino_due_x/init.o
 .debug_macro   0x000136d4       0x40 src/ASF/sam/boards/arduino_due_x/init.o
 .debug_macro   0x00013714       0x6a src/ASF/sam/boards/arduino_due_x/init.o
 .debug_macro   0x0001377e      0x56b src/ASF/sam/drivers/pio/pio.o
 .debug_macro   0x00013ce9       0x8e src/ASF/sam/drivers/pio/pio.o
 .debug_macro   0x00013d77      0x56f src/ASF/sam/drivers/pio/pio_handler.o
 .debug_macro   0x000142e6      0x565 src/ASF/sam/drivers/pmc/pmc.o
 .debug_macro   0x0001484b       0x58 src/ASF/sam/drivers/pmc/pmc.o
 .debug_macro   0x000148a3      0x564 src/ASF/sam/utils/cmsis/sam3x/source/templates/exceptions.o
 .debug_macro   0x00014e07      0x572 src/ASF/sam/utils/cmsis/sam3x/source/templates/gcc/startup_sam3x.o
 .debug_macro   0x00015379      0x572 src/ASF/sam/utils/cmsis/sam3x/source/templates/system_sam3x.o
 .debug_macro   0x000158eb       0x26 src/ASF/sam/utils/cmsis/sam3x/source/templates/system_sam3x.o
 .debug_macro   0x00015911      0x64b src/main.o
 .debug_macro   0x00015f5c       0x28 src/main.o
 .debug_macro   0x00015f84       0x23 src/main.o
 .debug_macro   0x00015fa7       0x70 src/main.o

.debug_line     0x00000000     0x8111
 .debug_line    0x00000000      0xb4e src/ASF/common/services/delay/sam/cycle_counter.o
 .debug_line    0x00000b4e      0xcba src/ASF/common/services/clock/sam3x/sysclk.o
 .debug_line    0x00001808      0xd4d src/ASF/sam/boards/arduino_due_x/init.o
 .debug_line    0x00002555      0xec9 src/ASF/sam/drivers/pio/pio.o
 .debug_line    0x0000341e      0xc0d src/ASF/sam/drivers/pio/pio_handler.o
 .debug_line    0x0000402b     0x10c0 src/ASF/sam/drivers/pmc/pmc.o
 .debug_line    0x000050eb      0xb23 src/ASF/sam/utils/cmsis/sam3x/source/templates/exceptions.o
 .debug_line    0x00005c0e      0xb6c src/ASF/sam/utils/cmsis/sam3x/source/templates/gcc/startup_sam3x.o
 .debug_line    0x0000677a      0xb9e src/ASF/sam/utils/cmsis/sam3x/source/templates/system_sam3x.o
 .debug_line    0x00007318      0xdf9 src/main.o

.debug_str      0x00000000    0x62495
 .debug_str     0x00000000    0x5c5ac src/ASF/common/services/delay/sam/cycle_counter.o
                              0x5c920 (size before relaxing)
 .debug_str     0x0005c5ac     0x40b0 src/ASF/common/services/clock/sam3x/sysclk.o
                              0x60857 (size before relaxing)
 .debug_str     0x0006065c      0xaa9 src/ASF/sam/boards/arduino_due_x/init.o
                              0x60f39 (size before relaxing)
 .debug_str     0x00061105      0x408 src/ASF/sam/drivers/pio/pio.o
                              0x5d150 (size before relaxing)
 .debug_str     0x0006150d      0x466 src/ASF/sam/drivers/pio/pio_handler.o
                              0x5d249 (size before relaxing)
 .debug_str     0x00061973      0x591 src/ASF/sam/drivers/pmc/pmc.o
                              0x5d1cc (size before relaxing)
 .debug_str     0x00061f04       0x4d src/ASF/sam/utils/cmsis/sam3x/source/templates/exceptions.o
                              0x5c7c5 (size before relaxing)
 .debug_str     0x00061f51       0xd9 src/ASF/sam/utils/cmsis/sam3x/source/templates/gcc/startup_sam3x.o
                              0x5c8c1 (size before relaxing)
 .debug_str     0x0006202a      0x195 src/ASF/sam/utils/cmsis/sam3x/source/templates/system_sam3x.o
                              0x5ca9d (size before relaxing)
 .debug_str     0x000621bf      0x2d6 src/main.o
                              0x6135a (size before relaxing)

.debug_frame    0x00000000      0xadc
 .debug_frame   0x00000000       0x20 src/ASF/common/services/delay/sam/cycle_counter.o
 .debug_frame   0x00000020       0x88 src/ASF/common/services/clock/sam3x/sysclk.o
 .debug_frame   0x000000a8       0x28 src/ASF/sam/boards/arduino_due_x/init.o
 .debug_frame   0x000000d0      0x2b8 src/ASF/sam/drivers/pio/pio.o
 .debug_frame   0x00000388       0xf8 src/ASF/sam/drivers/pio/pio_handler.o
 .debug_frame   0x00000480      0x3ec src/ASF/sam/drivers/pmc/pmc.o
 .debug_frame   0x0000086c       0x20 src/ASF/sam/utils/cmsis/sam3x/source/templates/exceptions.o
 .debug_frame   0x0000088c       0x28 src/ASF/sam/utils/cmsis/sam3x/source/templates/gcc/startup_sam3x.o
 .debug_frame   0x000008b4       0x40 src/ASF/sam/utils/cmsis/sam3x/source/templates/system_sam3x.o
 .debug_frame   0x000008f4       0x28 src/main.o
 .debug_frame   0x0000091c       0x2c c:/program files (x86)/atmel/studio/7.0/toolchain/arm/arm-gnu-toolchain/bin/../lib/gcc/arm-none-eabi/6.3.1/../../../../arm-none-eabi/lib/thumb/v7-m\libc.a(lib_a-init.o)
 .debug_frame   0x00000948       0x5c c:/program files (x86)/atmel/studio/7.0/toolchain/arm/arm-gnu-toolchain/bin/../lib/gcc/arm-none-eabi/6.3.1/../../../../arm-none-eabi/lib/thumb/v7-m\libc.a(lib_a-__call_atexit.o)
 .debug_frame   0x000009a4       0x20 c:/program files (x86)/atmel/studio/7.0/toolchain/arm/arm-gnu-toolchain/bin/../lib/gcc/arm-none-eabi/6.3.1/../../../../arm-none-eabi/lib/thumb/v7-m\libc.a(lib_a-atexit.o)
 .debug_frame   0x000009c4       0x34 c:/program files (x86)/atmel/studio/7.0/toolchain/arm/arm-gnu-toolchain/bin/../lib/gcc/arm-none-eabi/6.3.1/../../../../arm-none-eabi/lib/thumb/v7-m\libc.a(lib_a-fini.o)
 .debug_frame   0x000009f8       0xb0 c:/program files (x86)/atmel/studio/7.0/toolchain/arm/arm-gnu-toolchain/bin/../lib/gcc/arm-none-eabi/6.3.1/../../../../arm-none-eabi/lib/thumb/v7-m\libc.a(lib_a-lock.o)
 .debug_frame   0x00000aa8       0x34 c:/program files (x86)/atmel/studio/7.0/toolchain/arm/arm-gnu-toolchain/bin/../lib/gcc/arm-none-eabi/6.3.1/../../../../arm-none-eabi/lib/thumb/v7-m\libc.a(lib_a-__atexit.o)

.debug_loc      0x00000000     0x1db3
 .debug_loc     0x00000000      0x183 src/ASF/common/services/clock/sam3x/sysclk.o
 .debug_loc     0x00000183       0x70 src/ASF/sam/boards/arduino_due_x/init.o
 .debug_loc     0x000001f3      0xacc src/ASF/sam/drivers/pio/pio.o
 .debug_loc     0x00000cbf      0x569 src/ASF/sam/drivers/pio/pio_handler.o
 .debug_loc     0x00001228      0xaeb src/ASF/sam/drivers/pmc/pmc.o
 .debug_loc     0x00001d13       0x6b src/ASF/sam/utils/cmsis/sam3x/source/templates/gcc/startup_sam3x.o
 .debug_loc     0x00001d7e       0x35 src/main.o

Cross Reference Table

Symbol                                            File
ADC_Handler                                       src/ASF/sam/utils/cmsis/sam3x/source/templates/exceptions.o
                                                  src/ASF/sam/utils/cmsis/sam3x/source/templates/gcc/startup_sam3x.o
BusFault_Handler                                  src/ASF/sam/utils/cmsis/sam3x/source/templates/exceptions.o
                                                  src/ASF/sam/utils/cmsis/sam3x/source/templates/gcc/startup_sam3x.o
CAN0_Handler                                      src/ASF/sam/utils/cmsis/sam3x/source/templates/exceptions.o
                                                  src/ASF/sam/utils/cmsis/sam3x/source/templates/gcc/startup_sam3x.o
CAN1_Handler                                      src/ASF/sam/utils/cmsis/sam3x/source/templates/exceptions.o
                                                  src/ASF/sam/utils/cmsis/sam3x/source/templates/gcc/startup_sam3x.o
DACC_Handler                                      src/ASF/sam/utils/cmsis/sam3x/source/templates/exceptions.o
                                                  src/ASF/sam/utils/cmsis/sam3x/source/templates/gcc/startup_sam3x.o
DMAC_Handler                                      src/ASF/sam/utils/cmsis/sam3x/source/templates/exceptions.o
                                                  src/ASF/sam/utils/cmsis/sam3x/source/templates/gcc/startup_sam3x.o
DebugMon_Handler                                  src/ASF/sam/utils/cmsis/sam3x/source/templates/exceptions.o
                                                  src/ASF/sam/utils/cmsis/sam3x/source/templates/gcc/startup_sam3x.o
Dummy_Handler                                     src/ASF/sam/utils/cmsis/sam3x/source/templates/exceptions.o
EFC0_Handler                                      src/ASF/sam/utils/cmsis/sam3x/source/templates/exceptions.o
                                                  src/ASF/sam/utils/cmsis/sam3x/source/templates/gcc/startup_sam3x.o
EFC1_Handler                                      src/ASF/sam/utils/cmsis/sam3x/source/templates/exceptions.o
                                                  src/ASF/sam/utils/cmsis/sam3x/source/templates/gcc/startup_sam3x.o
EMAC_Handler                                      src/ASF/sam/utils/cmsis/sam3x/source/templates/exceptions.o
                                                  src/ASF/sam/utils/cmsis/sam3x/source/templates/gcc/startup_sam3x.o
HSMCI_Handler                                     src/ASF/sam/utils/cmsis/sam3x/source/templates/exceptions.o
                                                  src/ASF/sam/utils/cmsis/sam3x/source/templates/gcc/startup_sam3x.o
HardFault_Handler                                 src/ASF/sam/utils/cmsis/sam3x/source/templates/exceptions.o
                                                  src/ASF/sam/utils/cmsis/sam3x/source/templates/gcc/startup_sam3x.o
MemManage_Handler                                 src/ASF/sam/utils/cmsis/sam3x/source/templates/exceptions.o
                                                  src/ASF/sam/utils/cmsis/sam3x/source/templates/gcc/startup_sam3x.o
NMI_Handler                                       src/ASF/sam/utils/cmsis/sam3x/source/templates/exceptions.o
                                                  src/ASF/sam/utils/cmsis/sam3x/source/templates/gcc/startup_sam3x.o
PIOA_Handler                                      src/ASF/sam/drivers/pio/pio_handler.o
                                                  src/ASF/sam/utils/cmsis/sam3x/source/templates/gcc/startup_sam3x.o
PIOB_Handler                                      src/ASF/sam/drivers/pio/pio_handler.o
                                                  src/ASF/sam/utils/cmsis/sam3x/source/templates/gcc/startup_sam3x.o
PIOC_Handler                                      src/ASF/sam/drivers/pio/pio_handler.o
                                                  src/ASF/sam/utils/cmsis/sam3x/source/templates/gcc/startup_sam3x.o
PIOD_Handler                                      src/ASF/sam/drivers/pio/pio_handler.o
                                                  src/ASF/sam/utils/cmsis/sam3x/source/templates/gcc/startup_sam3x.o
PMC_Handler                                       src/ASF/sam/utils/cmsis/sam3x/source/templates/exceptions.o
                                                  src/ASF/sam/utils/cmsis/sam3x/source/templates/gcc/startup_sam3x.o
PWM_Handler                                       src/ASF/sam/utils/cmsis/sam3x/source/templates/exceptions.o
                                                  src/ASF/sam/utils/cmsis/sam3x/source/templates/gcc/startup_sam3x.o
PendSV_Handler                                    src/ASF/sam/utils/cmsis/sam3x/source/templates/exceptions.o
                                                  src/ASF/sam/utils/cmsis/sam3x/source/templates/gcc/startup_sam3x.o
RSTC_Handler                                      src/ASF/sam/utils/cmsis/sam3x/source/templates/exceptions.o
                                                  src/ASF/sam/utils/cmsis/sam3x/source/templates/gcc/startup_sam3x.o
RTC_Handler                                       src/ASF/sam/utils/cmsis/sam3x/source/templates/exceptions.o
                                                  src/ASF/sam/utils/cmsis/sam3x/source/templates/gcc/startup_sam3x.o
RTT_Handler                                       src/ASF/sam/utils/cmsis/sam3x/source/templates/exceptions.o
                                                  src/ASF/sam/utils/cmsis/sam3x/source/templates/gcc/startup_sam3x.o
Reset_Handler                                     src/ASF/sam/utils/cmsis/sam3x/source/templates/gcc/startup_sam3x.o
SMC_Handler                                       src/ASF/sam/utils/cmsis/sam3x/source/templates/exceptions.o
                                                  src/ASF/sam/utils/cmsis/sam3x/source/templates/gcc/startup_sam3x.o
SPI0_Handler                                      src/ASF/sam/utils/cmsis/sam3x/source/templates/exceptions.o
                                                  src/ASF/sam/utils/cmsis/sam3x/source/templates/gcc/startup_sam3x.o
SSC_Handler                                       src/ASF/sam/utils/cmsis/sam3x/source/templates/exceptions.o
                                                  src/ASF/sam/utils/cmsis/sam3x/source/templates/gcc/startup_sam3x.o
SUPC_Handler                                      src/ASF/sam/utils/cmsis/sam3x/source/templates/exceptions.o
                                                  src/ASF/sam/utils/cmsis/sam3x/source/templates/gcc/startup_sam3x.o
SVC_Handler                                       src/ASF/sam/utils/cmsis/sam3x/source/templates/exceptions.o
                                                  src/ASF/sam/utils/cmsis/sam3x/source/templates/gcc/startup_sam3x.o
SysTick_Handler                                   src/ASF/sam/utils/cmsis/sam3x/source/templates/exceptions.o
                                                  src/ASF/sam/utils/cmsis/sam3x/source/templates/gcc/startup_sam3x.o
SystemCoreClock                                   src/ASF/sam/utils/cmsis/sam3x/source/templates/system_sam3x.o
SystemCoreClockUpdate                             src/ASF/sam/utils/cmsis/sam3x/source/templates/system_sam3x.o
                                                  src/ASF/common/services/clock/sam3x/sysclk.o
SystemInit                                        src/ASF/sam/utils/cmsis/sam3x/source/templates/system_sam3x.o
TC0_Handler                                       src/ASF/sam/utils/cmsis/sam3x/source/templates/exceptions.o
                                                  src/ASF/sam/utils/cmsis/sam3x/source/templates/gcc/startup_sam3x.o
TC1_Handler                                       src/ASF/sam/utils/cmsis/sam3x/source/templates/exceptions.o
                                                  src/ASF/sam/utils/cmsis/sam3x/source/templates/gcc/startup_sam3x.o
TC2_Handler                                       src/ASF/sam/utils/cmsis/sam3x/source/templates/exceptions.o
                                                  src/ASF/sam/utils/cmsis/sam3x/source/templates/gcc/startup_sam3x.o
TC3_Handler                                       src/ASF/sam/utils/cmsis/sam3x/source/templates/exceptions.o
                                                  src/ASF/sam/utils/cmsis/sam3x/source/templates/gcc/startup_sam3x.o
TC4_Handler                                       src/ASF/sam/utils/cmsis/sam3x/source/templates/exceptions.o
                                                  src/ASF/sam/utils/cmsis/sam3x/source/templates/gcc/startup_sam3x.o
TC5_Handler                                       src/ASF/sam/utils/cmsis/sam3x/source/templates/exceptions.o
                                                  src/ASF/sam/utils/cmsis/sam3x/source/templates/gcc/startup_sam3x.o
TC6_Handler                                       src/ASF/sam/utils/cmsis/sam3x/source/templates/exceptions.o
                                                  src/ASF/sam/utils/cmsis/sam3x/source/templates/gcc/startup_sam3x.o
TC7_Handler                                       src/ASF/sam/utils/cmsis/sam3x/source/templates/exceptions.o
                                                  src/ASF/sam/utils/cmsis/sam3x/source/templates/gcc/startup_sam3x.o
TC8_Handler                                       src/ASF/sam/utils/cmsis/sam3x/source/templates/exceptions.o
                                                  src/ASF/sam/utils/cmsis/sam3x/source/templates/gcc/startup_sam3x.o
TRNG_Handler                                      src/ASF/sam/utils/cmsis/sam3x/source/templates/exceptions.o
                                                  src/ASF/sam/utils/cmsis/sam3x/source/templates/gcc/startup_sam3x.o
TWI0_Handler                                      src/ASF/sam/utils/cmsis/sam3x/source/templates/exceptions.o
                                                  src/ASF/sam/utils/cmsis/sam3x/source/templates/gcc/startup_sam3x.o
TWI1_Handler                                      src/ASF/sam/utils/cmsis/sam3x/source/templates/exceptions.o
                                                  src/ASF/sam/utils/cmsis/sam3x/source/templates/gcc/startup_sam3x.o
UART_Handler                                      src/ASF/sam/utils/cmsis/sam3x/source/templates/exceptions.o
                                                  src/ASF/sam/utils/cmsis/sam3x/source/templates/gcc/startup_sam3x.o
UOTGHS_Handler                                    src/ASF/sam/utils/cmsis/sam3x/source/templates/exceptions.o
                                                  src/ASF/sam/utils/cmsis/sam3x/source/templates/gcc/startup_sam3x.o
USART0_Handler                                    src/ASF/sam/utils/cmsis/sam3x/source/templates/exceptions.o
                                                  src/ASF/sam/utils/cmsis/sam3x/source/templates/gcc/startup_sam3x.o
USART1_Handler                                    src/ASF/sam/utils/cmsis/sam3x/source/templates/exceptions.o
                                                  src/ASF/sam/utils/cmsis/sam3x/source/templates/gcc/startup_sam3x.o
USART2_Handler                                    src/ASF/sam/utils/cmsis/sam3x/source/templates/exceptions.o
                                                  src/ASF/sam/utils/cmsis/sam3x/source/templates/gcc/startup_sam3x.o
USART3_Handler                                    src/ASF/sam/utils/cmsis/sam3x/source/templates/exceptions.o
                                                  src/ASF/sam/utils/cmsis/sam3x/source/templates/gcc/startup_sam3x.o
UsageFault_Handler                                src/ASF/sam/utils/cmsis/sam3x/source/templates/exceptions.o
                                                  src/ASF/sam/utils/cmsis/sam3x/source/templates/gcc/startup_sam3x.o
WDT_Handler                                       src/ASF/sam/utils/cmsis/sam3x/source/templates/exceptions.o
                                                  src/ASF/sam/utils/cmsis/sam3x/source/templates/gcc/startup_sam3x.o
_Jv_RegisterClasses                               c:/program files (x86)/atmel/studio/7.0/toolchain/arm/arm-gnu-toolchain/bin/../lib/gcc/arm-none-eabi/6.3.1/thumb/v7-m/crtbegin.o
__atexit_recursive_mutex                          c:/program files (x86)/atmel/studio/7.0/toolchain/arm/arm-gnu-toolchain/bin/../lib/gcc/arm-none-eabi/6.3.1/../../../../arm-none-eabi/lib/thumb/v7-m\libc.a(lib_a-__call_atexit.o)
                                                  c:/program files (x86)/atmel/studio/7.0/toolchain/arm/arm-gnu-toolchain/bin/../lib/gcc/arm-none-eabi/6.3.1/../../../../arm-none-eabi/lib/thumb/v7-m\libc.a(lib_a-__atexit.o)
__bss_end__                                       c:/program files (x86)/atmel/studio/7.0/toolchain/arm/arm-gnu-toolchain/bin/../lib/gcc/arm-none-eabi/6.3.1/../../../../arm-none-eabi/lib/thumb/v7-m/crt0.o
__bss_start__                                     c:/program files (x86)/atmel/studio/7.0/toolchain/arm/arm-gnu-toolchain/bin/../lib/gcc/arm-none-eabi/6.3.1/../../../../arm-none-eabi/lib/thumb/v7-m/crt0.o
__call_exitprocs                                  c:/program files (x86)/atmel/studio/7.0/toolchain/arm/arm-gnu-toolchain/bin/../lib/gcc/arm-none-eabi/6.3.1/../../../../arm-none-eabi/lib/thumb/v7-m\libc.a(lib_a-__call_atexit.o)
                                                  c:/program files (x86)/atmel/studio/7.0/toolchain/arm/arm-gnu-toolchain/bin/../lib/gcc/arm-none-eabi/6.3.1/../../../../arm-none-eabi/lib/thumb/v7-m\libc.a(lib_a-exit.o)
__deregister_frame_info                           c:/program files (x86)/atmel/studio/7.0/toolchain/arm/arm-gnu-toolchain/bin/../lib/gcc/arm-none-eabi/6.3.1/thumb/v7-m/crtbegin.o
__dso_handle                                      c:/program files (x86)/atmel/studio/7.0/toolchain/arm/arm-gnu-toolchain/bin/../lib/gcc/arm-none-eabi/6.3.1/thumb/v7-m/crtbegin.o
__fini_array_end                                  c:/program files (x86)/atmel/studio/7.0/toolchain/arm/arm-gnu-toolchain/bin/../lib/gcc/arm-none-eabi/6.3.1/../../../../arm-none-eabi/lib/thumb/v7-m\libc.a(lib_a-fini.o)
__fini_array_start                                c:/program files (x86)/atmel/studio/7.0/toolchain/arm/arm-gnu-toolchain/bin/../lib/gcc/arm-none-eabi/6.3.1/../../../../arm-none-eabi/lib/thumb/v7-m\libc.a(lib_a-fini.o)
__init_array_end                                  c:/program files (x86)/atmel/studio/7.0/toolchain/arm/arm-gnu-toolchain/bin/../lib/gcc/arm-none-eabi/6.3.1/../../../../arm-none-eabi/lib/thumb/v7-m\libc.a(lib_a-init.o)
__init_array_start                                c:/program files (x86)/atmel/studio/7.0/toolchain/arm/arm-gnu-toolchain/bin/../lib/gcc/arm-none-eabi/6.3.1/../../../../arm-none-eabi/lib/thumb/v7-m\libc.a(lib_a-init.o)
__libc_fini                                       c:/program files (x86)/atmel/studio/7.0/toolchain/arm/arm-gnu-toolchain/bin/../lib/gcc/arm-none-eabi/6.3.1/../../../../arm-none-eabi/lib/thumb/v7-m\libc.a(lib_a-__call_atexit.o)
__libc_fini_array                                 c:/program files (x86)/atmel/studio/7.0/toolchain/arm/arm-gnu-toolchain/bin/../lib/gcc/arm-none-eabi/6.3.1/../../../../arm-none-eabi/lib/thumb/v7-m\libc.a(lib_a-fini.o)
                                                  c:/program files (x86)/atmel/studio/7.0/toolchain/arm/arm-gnu-toolchain/bin/../lib/gcc/arm-none-eabi/6.3.1/../../../../arm-none-eabi/lib/thumb/v7-m\libc.a(lib_a-__call_atexit.o)
                                                  c:/program files (x86)/atmel/studio/7.0/toolchain/arm/arm-gnu-toolchain/bin/../lib/gcc/arm-none-eabi/6.3.1/../../../../arm-none-eabi/lib/thumb/v7-m/crt0.o
__libc_init_array                                 c:/program files (x86)/atmel/studio/7.0/toolchain/arm/arm-gnu-toolchain/bin/../lib/gcc/arm-none-eabi/6.3.1/../../../../arm-none-eabi/lib/thumb/v7-m\libc.a(lib_a-init.o)
                                                  src/ASF/sam/utils/cmsis/sam3x/source/templates/gcc/startup_sam3x.o
                                                  c:/program files (x86)/atmel/studio/7.0/toolchain/arm/arm-gnu-toolchain/bin/../lib/gcc/arm-none-eabi/6.3.1/../../../../arm-none-eabi/lib/thumb/v7-m/crt0.o
__lock___arc4random_mutex                         c:/program files (x86)/atmel/studio/7.0/toolchain/arm/arm-gnu-toolchain/bin/../lib/gcc/arm-none-eabi/6.3.1/../../../../arm-none-eabi/lib/thumb/v7-m\libc.a(lib_a-lock.o)
__lock___at_quick_exit_mutex                      c:/program files (x86)/atmel/studio/7.0/toolchain/arm/arm-gnu-toolchain/bin/../lib/gcc/arm-none-eabi/6.3.1/../../../../arm-none-eabi/lib/thumb/v7-m\libc.a(lib_a-lock.o)
__lock___atexit_recursive_mutex                   c:/program files (x86)/atmel/studio/7.0/toolchain/arm/arm-gnu-toolchain/bin/../lib/gcc/arm-none-eabi/6.3.1/../../../../arm-none-eabi/lib/thumb/v7-m\libc.a(lib_a-lock.o)
                                                  c:/program files (x86)/atmel/studio/7.0/toolchain/arm/arm-gnu-toolchain/bin/../lib/gcc/arm-none-eabi/6.3.1/../../../../arm-none-eabi/lib/thumb/v7-m\libc.a(lib_a-__call_atexit.o)
__lock___dd_hash_mutex                            c:/program files (x86)/atmel/studio/7.0/toolchain/arm/arm-gnu-toolchain/bin/../lib/gcc/arm-none-eabi/6.3.1/../../../../arm-none-eabi/lib/thumb/v7-m\libc.a(lib_a-lock.o)
__lock___env_recursive_mutex                      c:/program files (x86)/atmel/studio/7.0/toolchain/arm/arm-gnu-toolchain/bin/../lib/gcc/arm-none-eabi/6.3.1/../../../../arm-none-eabi/lib/thumb/v7-m\libc.a(lib_a-lock.o)
__lock___malloc_recursive_mutex                   c:/program files (x86)/atmel/studio/7.0/toolchain/arm/arm-gnu-toolchain/bin/../lib/gcc/arm-none-eabi/6.3.1/../../../../arm-none-eabi/lib/thumb/v7-m\libc.a(lib_a-lock.o)
__lock___sfp_recursive_mutex                      c:/program files (x86)/atmel/studio/7.0/toolchain/arm/arm-gnu-toolchain/bin/../lib/gcc/arm-none-eabi/6.3.1/../../../../arm-none-eabi/lib/thumb/v7-m\libc.a(lib_a-lock.o)
__lock___sinit_recursive_mutex                    c:/program files (x86)/atmel/studio/7.0/toolchain/arm/arm-gnu-toolchain/bin/../lib/gcc/arm-none-eabi/6.3.1/../../../../arm-none-eabi/lib/thumb/v7-m\libc.a(lib_a-lock.o)
__lock___tz_mutex                                 c:/program files (x86)/atmel/studio/7.0/toolchain/arm/arm-gnu-toolchain/bin/../lib/gcc/arm-none-eabi/6.3.1/../../../../arm-none-eabi/lib/thumb/v7-m\libc.a(lib_a-lock.o)
__preinit_array_end                               c:/program files (x86)/atmel/studio/7.0/toolchain/arm/arm-gnu-toolchain/bin/../lib/gcc/arm-none-eabi/6.3.1/../../../../arm-none-eabi/lib/thumb/v7-m\libc.a(lib_a-init.o)
__preinit_array_start                             c:/program files (x86)/atmel/studio/7.0/toolchain/arm/arm-gnu-toolchain/bin/../lib/gcc/arm-none-eabi/6.3.1/../../../../arm-none-eabi/lib/thumb/v7-m\libc.a(lib_a-init.o)
__ram_end__                                       src/ASF/sam/utils/syscalls/gcc/syscalls.o
__register_exitproc                               c:/program files (x86)/atmel/studio/7.0/toolchain/arm/arm-gnu-toolchain/bin/../lib/gcc/arm-none-eabi/6.3.1/../../../../arm-none-eabi/lib/thumb/v7-m\libc.a(lib_a-__atexit.o)
                                                  c:/program files (x86)/atmel/studio/7.0/toolchain/arm/arm-gnu-toolchain/bin/../lib/gcc/arm-none-eabi/6.3.1/../../../../arm-none-eabi/lib/thumb/v7-m\libc.a(lib_a-atexit.o)
__register_frame_info                             c:/program files (x86)/atmel/studio/7.0/toolchain/arm/arm-gnu-toolchain/bin/../lib/gcc/arm-none-eabi/6.3.1/thumb/v7-m/crtbegin.o
__retarget_lock_acquire                           c:/program files (x86)/atmel/studio/7.0/toolchain/arm/arm-gnu-toolchain/bin/../lib/gcc/arm-none-eabi/6.3.1/../../../../arm-none-eabi/lib/thumb/v7-m\libc.a(lib_a-lock.o)
__retarget_lock_acquire_recursive                 c:/program files (x86)/atmel/studio/7.0/toolchain/arm/arm-gnu-toolchain/bin/../lib/gcc/arm-none-eabi/6.3.1/../../../../arm-none-eabi/lib/thumb/v7-m\libc.a(lib_a-lock.o)
                                                  c:/program files (x86)/atmel/studio/7.0/toolchain/arm/arm-gnu-toolchain/bin/../lib/gcc/arm-none-eabi/6.3.1/../../../../arm-none-eabi/lib/thumb/v7-m\libc.a(lib_a-__atexit.o)
                                                  c:/program files (x86)/atmel/studio/7.0/toolchain/arm/arm-gnu-toolchain/bin/../lib/gcc/arm-none-eabi/6.3.1/../../../../arm-none-eabi/lib/thumb/v7-m\libc.a(lib_a-__call_atexit.o)
__retarget_lock_close                             c:/program files (x86)/atmel/studio/7.0/toolchain/arm/arm-gnu-toolchain/bin/../lib/gcc/arm-none-eabi/6.3.1/../../../../arm-none-eabi/lib/thumb/v7-m\libc.a(lib_a-lock.o)
__retarget_lock_close_recursive                   c:/program files (x86)/atmel/studio/7.0/toolchain/arm/arm-gnu-toolchain/bin/../lib/gcc/arm-none-eabi/6.3.1/../../../../arm-none-eabi/lib/thumb/v7-m\libc.a(lib_a-lock.o)
__retarget_lock_init                              c:/program files (x86)/atmel/studio/7.0/toolchain/arm/arm-gnu-toolchain/bin/../lib/gcc/arm-none-eabi/6.3.1/../../../../arm-none-eabi/lib/thumb/v7-m\libc.a(lib_a-lock.o)
__retarget_lock_init_recursive                    c:/program files (x86)/atmel/studio/7.0/toolchain/arm/arm-gnu-toolchain/bin/../lib/gcc/arm-none-eabi/6.3.1/../../../../arm-none-eabi/lib/thumb/v7-m\libc.a(lib_a-lock.o)
__retarget_lock_release                           c:/program files (x86)/atmel/studio/7.0/toolchain/arm/arm-gnu-toolchain/bin/../lib/gcc/arm-none-eabi/6.3.1/../../../../arm-none-eabi/lib/thumb/v7-m\libc.a(lib_a-lock.o)
__retarget_lock_release_recursive                 c:/program files (x86)/atmel/studio/7.0/toolchain/arm/arm-gnu-toolchain/bin/../lib/gcc/arm-none-eabi/6.3.1/../../../../arm-none-eabi/lib/thumb/v7-m\libc.a(lib_a-lock.o)
                                                  c:/program files (x86)/atmel/studio/7.0/toolchain/arm/arm-gnu-toolchain/bin/../lib/gcc/arm-none-eabi/6.3.1/../../../../arm-none-eabi/lib/thumb/v7-m\libc.a(lib_a-__atexit.o)
                                                  c:/program files (x86)/atmel/studio/7.0/toolchain/arm/arm-gnu-toolchain/bin/../lib/gcc/arm-none-eabi/6.3.1/../../../../arm-none-eabi/lib/thumb/v7-m\libc.a(lib_a-__call_atexit.o)
__retarget_lock_try_acquire                       c:/program files (x86)/atmel/studio/7.0/toolchain/arm/arm-gnu-toolchain/bin/../lib/gcc/arm-none-eabi/6.3.1/../../../../arm-none-eabi/lib/thumb/v7-m\libc.a(lib_a-lock.o)
__retarget_lock_try_acquire_recursive             c:/program files (x86)/atmel/studio/7.0/toolchain/arm/arm-gnu-toolchain/bin/../lib/gcc/arm-none-eabi/6.3.1/../../../../arm-none-eabi/lib/thumb/v7-m\libc.a(lib_a-lock.o)
__stack                                           c:/program files (x86)/atmel/studio/7.0/toolchain/arm/arm-gnu-toolchain/bin/../lib/gcc/arm-none-eabi/6.3.1/../../../../arm-none-eabi/lib/thumb/v7-m/crt0.o
_close                                            src/ASF/sam/utils/syscalls/gcc/syscalls.o
_end                                              src/ASF/sam/utils/syscalls/gcc/syscalls.o
_erelocate                                        src/ASF/sam/utils/cmsis/sam3x/source/templates/gcc/startup_sam3x.o
_estack                                           src/ASF/sam/utils/cmsis/sam3x/source/templates/gcc/startup_sam3x.o
_etext                                            src/ASF/sam/utils/cmsis/sam3x/source/templates/gcc/startup_sam3x.o
_exit                                             src/ASF/sam/utils/syscalls/gcc/syscalls.o
                                                  c:/program files (x86)/atmel/studio/7.0/toolchain/arm/arm-gnu-toolchain/bin/../lib/gcc/arm-none-eabi/6.3.1/../../../../arm-none-eabi/lib/thumb/v7-m\libc.a(lib_a-exit.o)
_ezero                                            src/ASF/sam/utils/cmsis/sam3x/source/templates/gcc/startup_sam3x.o
_fini                                             c:/program files (x86)/atmel/studio/7.0/toolchain/arm/arm-gnu-toolchain/bin/../lib/gcc/arm-none-eabi/6.3.1/thumb/v7-m/crti.o
                                                  c:/program files (x86)/atmel/studio/7.0/toolchain/arm/arm-gnu-toolchain/bin/../lib/gcc/arm-none-eabi/6.3.1/../../../../arm-none-eabi/lib/thumb/v7-m\libc.a(lib_a-fini.o)
_fstat                                            src/ASF/sam/utils/syscalls/gcc/syscalls.o
_getpid                                           src/ASF/sam/utils/syscalls/gcc/syscalls.o
_global_impure_ptr                                c:/program files (x86)/atmel/studio/7.0/toolchain/arm/arm-gnu-toolchain/bin/../lib/gcc/arm-none-eabi/6.3.1/../../../../arm-none-eabi/lib/thumb/v7-m\libc.a(lib_a-impure.o)
                                                  c:/program files (x86)/atmel/studio/7.0/toolchain/arm/arm-gnu-toolchain/bin/../lib/gcc/arm-none-eabi/6.3.1/../../../../arm-none-eabi/lib/thumb/v7-m\libc.a(lib_a-__atexit.o)
                                                  c:/program files (x86)/atmel/studio/7.0/toolchain/arm/arm-gnu-toolchain/bin/../lib/gcc/arm-none-eabi/6.3.1/../../../../arm-none-eabi/lib/thumb/v7-m\libc.a(lib_a-__call_atexit.o)
                                                  c:/program files (x86)/atmel/studio/7.0/toolchain/arm/arm-gnu-toolchain/bin/../lib/gcc/arm-none-eabi/6.3.1/../../../../arm-none-eabi/lib/thumb/v7-m\libc.a(lib_a-exit.o)
_impure_ptr                                       c:/program files (x86)/atmel/studio/7.0/toolchain/arm/arm-gnu-toolchain/bin/../lib/gcc/arm-none-eabi/6.3.1/../../../../arm-none-eabi/lib/thumb/v7-m\libc.a(lib_a-impure.o)
_init                                             c:/program files (x86)/atmel/studio/7.0/toolchain/arm/arm-gnu-toolchain/bin/../lib/gcc/arm-none-eabi/6.3.1/thumb/v7-m/crti.o
                                                  c:/program files (x86)/atmel/studio/7.0/toolchain/arm/arm-gnu-toolchain/bin/../lib/gcc/arm-none-eabi/6.3.1/../../../../arm-none-eabi/lib/thumb/v7-m\libc.a(lib_a-init.o)
_isatty                                           src/ASF/sam/utils/syscalls/gcc/syscalls.o
_kill                                             src/ASF/sam/utils/syscalls/gcc/syscalls.o
_lseek                                            src/ASF/sam/utils/syscalls/gcc/syscalls.o
_mainCRTStartup                                   c:/program files (x86)/atmel/studio/7.0/toolchain/arm/arm-gnu-toolchain/bin/../lib/gcc/arm-none-eabi/6.3.1/../../../../arm-none-eabi/lib/thumb/v7-m/crt0.o
_sbrk                                             src/ASF/sam/utils/syscalls/gcc/syscalls.o
_sfixed                                           src/ASF/sam/utils/cmsis/sam3x/source/templates/gcc/startup_sam3x.o
_srelocate                                        src/ASF/sam/utils/cmsis/sam3x/source/templates/gcc/startup_sam3x.o
_start                                            c:/program files (x86)/atmel/studio/7.0/toolchain/arm/arm-gnu-toolchain/bin/../lib/gcc/arm-none-eabi/6.3.1/../../../../arm-none-eabi/lib/thumb/v7-m/crt0.o
_szero                                            src/ASF/sam/utils/cmsis/sam3x/source/templates/gcc/startup_sam3x.o
atexit                                            c:/program files (x86)/atmel/studio/7.0/toolchain/arm/arm-gnu-toolchain/bin/../lib/gcc/arm-none-eabi/6.3.1/../../../../arm-none-eabi/lib/thumb/v7-m\libc.a(lib_a-atexit.o)
                                                  c:/program files (x86)/atmel/studio/7.0/toolchain/arm/arm-gnu-toolchain/bin/../lib/gcc/arm-none-eabi/6.3.1/../../../../arm-none-eabi/lib/thumb/v7-m\libc.a(lib_a-__call_atexit.o)
                                                  c:/program files (x86)/atmel/studio/7.0/toolchain/arm/arm-gnu-toolchain/bin/../lib/gcc/arm-none-eabi/6.3.1/../../../../arm-none-eabi/lib/thumb/v7-m/crt0.o
board_init                                        src/ASF/sam/boards/arduino_due_x/init.o
                                                  src/main.o
cpu_irq_enter_critical                            src/ASF/common/utils/interrupt/interrupt_sam_nvic.o
cpu_irq_leave_critical                            src/ASF/common/utils/interrupt/interrupt_sam_nvic.o
exception_table                                   src/ASF/sam/utils/cmsis/sam3x/source/templates/gcc/startup_sam3x.o
exit                                              c:/program files (x86)/atmel/studio/7.0/toolchain/arm/arm-gnu-toolchain/bin/../lib/gcc/arm-none-eabi/6.3.1/../../../../arm-none-eabi/lib/thumb/v7-m\libc.a(lib_a-exit.o)
                                                  c:/program files (x86)/atmel/studio/7.0/toolchain/arm/arm-gnu-toolchain/bin/../lib/gcc/arm-none-eabi/6.3.1/../../../../arm-none-eabi/lib/thumb/v7-m/crt0.o
free                                              c:/program files (x86)/atmel/studio/7.0/toolchain/arm/arm-gnu-toolchain/bin/../lib/gcc/arm-none-eabi/6.3.1/../../../../arm-none-eabi/lib/thumb/v7-m\libc.a(lib_a-__call_atexit.o)
g_interrupt_enabled                               src/ASF/common/utils/interrupt/interrupt_sam_nvic.o
                                                  src/ASF/sam/drivers/pmc/sleep.o
hardware_init_hook                                c:/program files (x86)/atmel/studio/7.0/toolchain/arm/arm-gnu-toolchain/bin/../lib/gcc/arm-none-eabi/6.3.1/../../../../arm-none-eabi/lib/thumb/v7-m/crt0.o
link                                              src/ASF/sam/utils/syscalls/gcc/syscalls.o
main                                              src/main.o
                                                  src/ASF/sam/utils/cmsis/sam3x/source/templates/gcc/startup_sam3x.o
                                                  c:/program files (x86)/atmel/studio/7.0/toolchain/arm/arm-gnu-toolchain/bin/../lib/gcc/arm-none-eabi/6.3.1/../../../../arm-none-eabi/lib/thumb/v7-m/crt0.o
malloc                                            c:/program files (x86)/atmel/studio/7.0/toolchain/arm/arm-gnu-toolchain/bin/../lib/gcc/arm-none-eabi/6.3.1/../../../../arm-none-eabi/lib/thumb/v7-m\libc.a(lib_a-__atexit.o)
memset                                            c:/program files (x86)/atmel/studio/7.0/toolchain/arm/arm-gnu-toolchain/bin/../lib/gcc/arm-none-eabi/6.3.1/../../../../arm-none-eabi/lib/thumb/v7-m\libc.a(lib_a-memset.o)
                                                  c:/program files (x86)/atmel/studio/7.0/toolchain/arm/arm-gnu-toolchain/bin/../lib/gcc/arm-none-eabi/6.3.1/../../../../arm-none-eabi/lib/thumb/v7-m/crt0.o
pio_clear                                         src/ASF/sam/drivers/pio/pio.o
pio_configure                                     src/ASF/sam/drivers/pio/pio.o
pio_configure_interrupt                           src/ASF/sam/drivers/pio/pio.o
                                                  src/ASF/sam/drivers/pio/pio_handler.o
pio_configure_pin                                 src/ASF/sam/drivers/pio/pio.o
                                                  src/ASF/sam/boards/arduino_due_x/init.o
pio_configure_pin_group                           src/ASF/sam/drivers/pio/pio.o
                                                  src/ASF/sam/boards/arduino_due_x/init.o
pio_disable_interrupt                             src/ASF/sam/drivers/pio/pio.o
                                                  src/ASF/sam/drivers/pio/pio_handler.o
pio_disable_output_write                          src/ASF/sam/drivers/pio/pio.o
pio_disable_pin_interrupt                         src/ASF/sam/drivers/pio/pio.o
pio_enable_interrupt                              src/ASF/sam/drivers/pio/pio.o
                                                  src/ASF/sam/drivers/pio/pio_handler.o
pio_enable_output_write                           src/ASF/sam/drivers/pio/pio.o
pio_enable_pin_interrupt                          src/ASF/sam/drivers/pio/pio.o
pio_get                                           src/ASF/sam/drivers/pio/pio.o
pio_get_interrupt_mask                            src/ASF/sam/drivers/pio/pio.o
                                                  src/ASF/sam/drivers/pio/pio_handler.o
pio_get_interrupt_status                          src/ASF/sam/drivers/pio/pio.o
                                                  src/ASF/sam/drivers/pio/pio_handler.o
pio_get_multi_driver_status                       src/ASF/sam/drivers/pio/pio.o
pio_get_output_data_status                        src/ASF/sam/drivers/pio/pio.o
pio_get_output_write_status                       src/ASF/sam/drivers/pio/pio.o
pio_get_pin_group                                 src/ASF/sam/drivers/pio/pio.o
                                                  src/ASF/sam/drivers/pio/pio_handler.o
pio_get_pin_group_id                              src/ASF/sam/drivers/pio/pio.o
                                                  src/ASF/sam/drivers/pio/pio_handler.o
pio_get_pin_group_mask                            src/ASF/sam/drivers/pio/pio.o
                                                  src/ASF/sam/drivers/pio/pio_handler.o
pio_get_pin_value                                 src/ASF/sam/drivers/pio/pio.o
pio_get_writeprotect_status                       src/ASF/sam/drivers/pio/pio.o
pio_handler_process                               src/ASF/sam/drivers/pio/pio_handler.o
pio_handler_set                                   src/ASF/sam/drivers/pio/pio_handler.o
pio_handler_set_pin                               src/ASF/sam/drivers/pio/pio_handler.o
pio_handler_set_priority                          src/ASF/sam/drivers/pio/pio_handler.o
pio_pull_up                                       src/ASF/sam/drivers/pio/pio.o
pio_set                                           src/ASF/sam/drivers/pio/pio.o
pio_set_additional_interrupt_mode                 src/ASF/sam/drivers/pio/pio.o
pio_set_debounce_filter                           src/ASF/sam/drivers/pio/pio.o
pio_set_input                                     src/ASF/sam/drivers/pio/pio.o
pio_set_multi_driver                              src/ASF/sam/drivers/pio/pio.o
pio_set_output                                    src/ASF/sam/drivers/pio/pio.o
pio_set_peripheral                                src/ASF/sam/drivers/pio/pio.o
pio_set_pin_group_high                            src/ASF/sam/drivers/pio/pio.o
pio_set_pin_group_low                             src/ASF/sam/drivers/pio/pio.o
pio_set_pin_high                                  src/ASF/sam/drivers/pio/pio.o
pio_set_pin_low                                   src/ASF/sam/drivers/pio/pio.o
pio_set_writeprotect                              src/ASF/sam/drivers/pio/pio.o
pio_sync_output_write                             src/ASF/sam/drivers/pio/pio.o
pio_toggle_pin                                    src/ASF/sam/drivers/pio/pio.o
pio_toggle_pin_group                              src/ASF/sam/drivers/pio/pio.o
pmc_clr_fast_startup_input                        src/ASF/sam/drivers/pmc/pmc.o
pmc_disable_all_pck                               src/ASF/sam/drivers/pmc/pmc.o
pmc_disable_all_periph_clk                        src/ASF/sam/drivers/pmc/pmc.o
pmc_disable_clock_failure_detector                src/ASF/sam/drivers/pmc/pmc.o
pmc_disable_interrupt                             src/ASF/sam/drivers/pmc/pmc.o
pmc_disable_pck                                   src/ASF/sam/drivers/pmc/pmc.o
pmc_disable_periph_clk                            src/ASF/sam/drivers/pmc/pmc.o
pmc_disable_pllack                                src/ASF/sam/drivers/pmc/pmc.o
                                                  src/ASF/sam/drivers/pmc/sleep.o
                                                  src/ASF/common/services/clock/sam3x/sysclk.o
pmc_disable_udpck                                 src/ASF/sam/drivers/pmc/pmc.o
                                                  src/ASF/common/services/clock/sam3x/sysclk.o
pmc_disable_upll_clock                            src/ASF/sam/drivers/pmc/pmc.o
                                                  src/ASF/sam/drivers/pmc/sleep.o
pmc_enable_all_pck                                src/ASF/sam/drivers/pmc/pmc.o
pmc_enable_all_periph_clk                         src/ASF/sam/drivers/pmc/pmc.o
pmc_enable_backupmode                             src/ASF/sam/drivers/pmc/pmc.o
pmc_enable_clock_failure_detector                 src/ASF/sam/drivers/pmc/pmc.o
pmc_enable_interrupt                              src/ASF/sam/drivers/pmc/pmc.o
pmc_enable_pck                                    src/ASF/sam/drivers/pmc/pmc.o
pmc_enable_periph_clk                             src/ASF/sam/drivers/pmc/pmc.o
                                                  src/ASF/sam/boards/arduino_due_x/init.o
pmc_enable_pllack                                 src/ASF/sam/drivers/pmc/pmc.o
pmc_enable_sleepmode                              src/ASF/sam/drivers/pmc/pmc.o
pmc_enable_udpck                                  src/ASF/sam/drivers/pmc/pmc.o
                                                  src/ASF/common/services/clock/sam3x/sysclk.o
pmc_enable_upll_clock                             src/ASF/sam/drivers/pmc/pmc.o
                                                  src/ASF/common/services/clock/sam3x/sysclk.o
pmc_enable_waitmode                               src/ASF/sam/drivers/pmc/pmc.o
                                                  src/ASF/sam/drivers/pmc/sleep.o
pmc_get_interrupt_mask                            src/ASF/sam/drivers/pmc/pmc.o
pmc_get_status                                    src/ASF/sam/drivers/pmc/pmc.o
pmc_get_writeprotect_status                       src/ASF/sam/drivers/pmc/pmc.o
pmc_is_locked_pllack                              src/ASF/sam/drivers/pmc/pmc.o
                                                  src/ASF/common/services/clock/sam3x/sysclk.o
pmc_is_locked_upll                                src/ASF/sam/drivers/pmc/pmc.o
pmc_is_pck_enabled                                src/ASF/sam/drivers/pmc/pmc.o
pmc_is_periph_clk_enabled                         src/ASF/sam/drivers/pmc/pmc.o
pmc_is_wakeup_clocks_restored                     src/ASF/sam/drivers/pmc/sleep.o
pmc_mainck_osc_select                             src/ASF/sam/drivers/pmc/pmc.o
pmc_mck_set_prescaler                             src/ASF/sam/drivers/pmc/pmc.o
                                                  src/ASF/common/services/clock/sam3x/sysclk.o
pmc_mck_set_source                                src/ASF/sam/drivers/pmc/pmc.o
                                                  src/ASF/common/services/clock/sam3x/sysclk.o
pmc_osc_bypass_main_xtal                          src/ASF/sam/drivers/pmc/pmc.o
pmc_osc_disable_fastrc                            src/ASF/sam/drivers/pmc/pmc.o
pmc_osc_disable_main_xtal                         src/ASF/sam/drivers/pmc/pmc.o
pmc_osc_disable_xtal                              src/ASF/sam/drivers/pmc/pmc.o
pmc_osc_enable_fastrc                             src/ASF/sam/drivers/pmc/pmc.o
pmc_osc_enable_main_xtal                          src/ASF/sam/drivers/pmc/pmc.o
pmc_osc_is_bypassed_main_xtal                     src/ASF/sam/drivers/pmc/pmc.o
pmc_osc_is_ready_32kxtal                          src/ASF/sam/drivers/pmc/pmc.o
pmc_osc_is_ready_fastrc                           src/ASF/sam/drivers/pmc/pmc.o
pmc_osc_is_ready_main_xtal                        src/ASF/sam/drivers/pmc/pmc.o
pmc_osc_is_ready_mainck                           src/ASF/sam/drivers/pmc/pmc.o
                                                  src/ASF/common/services/clock/sam3x/sysclk.o
pmc_pck_set_prescaler                             src/ASF/sam/drivers/pmc/pmc.o
pmc_pck_set_source                                src/ASF/sam/drivers/pmc/pmc.o
pmc_set_fast_startup_input                        src/ASF/sam/drivers/pmc/pmc.o
pmc_set_writeprotect                              src/ASF/sam/drivers/pmc/pmc.o
pmc_sleep                                         src/ASF/sam/drivers/pmc/sleep.o
pmc_switch_mainck_to_fastrc                       src/ASF/sam/drivers/pmc/pmc.o
pmc_switch_mainck_to_xtal                         src/ASF/sam/drivers/pmc/pmc.o
                                                  src/ASF/common/services/clock/sam3x/sysclk.o
pmc_switch_mck_to_mainck                          src/ASF/sam/drivers/pmc/pmc.o
pmc_switch_mck_to_pllack                          src/ASF/sam/drivers/pmc/pmc.o
                                                  src/ASF/common/services/clock/sam3x/sysclk.o
pmc_switch_mck_to_sclk                            src/ASF/sam/drivers/pmc/pmc.o
pmc_switch_mck_to_upllck                          src/ASF/sam/drivers/pmc/pmc.o
pmc_switch_pck_to_mainck                          src/ASF/sam/drivers/pmc/pmc.o
pmc_switch_pck_to_mck                             src/ASF/sam/drivers/pmc/pmc.o
pmc_switch_pck_to_pllack                          src/ASF/sam/drivers/pmc/pmc.o
pmc_switch_pck_to_sclk                            src/ASF/sam/drivers/pmc/pmc.o
pmc_switch_pck_to_upllck                          src/ASF/sam/drivers/pmc/pmc.o
pmc_switch_sclk_to_32kxtal                        src/ASF/sam/drivers/pmc/pmc.o
pmc_switch_udpck_to_pllack                        src/ASF/sam/drivers/pmc/pmc.o
pmc_switch_udpck_to_upllck                        src/ASF/sam/drivers/pmc/pmc.o
                                                  src/ASF/common/services/clock/sam3x/sysclk.o
pmc_wait_wakeup_clocks_restore                    src/ASF/sam/drivers/pmc/sleep.o
portable_delay_cycles                             src/ASF/common/services/delay/sam/cycle_counter.o
                                                  src/main.o
software_init_hook                                c:/program files (x86)/atmel/studio/7.0/toolchain/arm/arm-gnu-toolchain/bin/../lib/gcc/arm-none-eabi/6.3.1/../../../../arm-none-eabi/lib/thumb/v7-m/crt0.o
sysclk_disable_usb                                src/ASF/common/services/clock/sam3x/sysclk.o
sysclk_enable_usb                                 src/ASF/common/services/clock/sam3x/sysclk.o
sysclk_init                                       src/ASF/common/services/clock/sam3x/sysclk.o
                                                  src/main.o
sysclk_set_prescalers                             src/ASF/common/services/clock/sam3x/sysclk.o
sysclk_set_source                                 src/ASF/common/services/clock/sam3x/sysclk.o
system_init_flash                                 src/ASF/sam/utils/cmsis/sam3x/source/templates/system_sam3x.o
                                                  src/ASF/common/services/clock/sam3x/sysclk.o
